Archive member included to satisfy reference by file (symbol)

d:/st/stm32cubeide_1.12.1/stm32cubeide/plugins/com.st.stm32cube.ide.mcu.externaltools.gnu-tools-for-stm32.10.3-2021.10.win32_1.0.200.202301161003/tools/bin/../lib/gcc/arm-none-eabi/10.3.1/../../../../arm-none-eabi/lib/thumb/v7e-m+fp/hard\libc_nano.a(lib_a-errno.o)
                              ./Core/Src/syscalls.o (__errno)
d:/st/stm32cubeide_1.12.1/stm32cubeide/plugins/com.st.stm32cube.ide.mcu.externaltools.gnu-tools-for-stm32.10.3-2021.10.win32_1.0.200.202301161003/tools/bin/../lib/gcc/arm-none-eabi/10.3.1/../../../../arm-none-eabi/lib/thumb/v7e-m+fp/hard\libc_nano.a(lib_a-exit.o)
                              d:/st/stm32cubeide_1.12.1/stm32cubeide/plugins/com.st.stm32cube.ide.mcu.externaltools.gnu-tools-for-stm32.10.3-2021.10.win32_1.0.200.202301161003/tools/bin/../lib/gcc/arm-none-eabi/10.3.1/../../../../arm-none-eabi/lib/thumb/v7e-m+fp/hard/crt0.o (exit)
d:/st/stm32cubeide_1.12.1/stm32cubeide/plugins/com.st.stm32cube.ide.mcu.externaltools.gnu-tools-for-stm32.10.3-2021.10.win32_1.0.200.202301161003/tools/bin/../lib/gcc/arm-none-eabi/10.3.1/../../../../arm-none-eabi/lib/thumb/v7e-m+fp/hard\libc_nano.a(lib_a-impure.o)
                              d:/st/stm32cubeide_1.12.1/stm32cubeide/plugins/com.st.stm32cube.ide.mcu.externaltools.gnu-tools-for-stm32.10.3-2021.10.win32_1.0.200.202301161003/tools/bin/../lib/gcc/arm-none-eabi/10.3.1/../../../../arm-none-eabi/lib/thumb/v7e-m+fp/hard\libc_nano.a(lib_a-exit.o) (_global_impure_ptr)
d:/st/stm32cubeide_1.12.1/stm32cubeide/plugins/com.st.stm32cube.ide.mcu.externaltools.gnu-tools-for-stm32.10.3-2021.10.win32_1.0.200.202301161003/tools/bin/../lib/gcc/arm-none-eabi/10.3.1/../../../../arm-none-eabi/lib/thumb/v7e-m+fp/hard\libc_nano.a(lib_a-init.o)
                              d:/st/stm32cubeide_1.12.1/stm32cubeide/plugins/com.st.stm32cube.ide.mcu.externaltools.gnu-tools-for-stm32.10.3-2021.10.win32_1.0.200.202301161003/tools/bin/../lib/gcc/arm-none-eabi/10.3.1/../../../../arm-none-eabi/lib/thumb/v7e-m+fp/hard/crt0.o (__libc_init_array)
d:/st/stm32cubeide_1.12.1/stm32cubeide/plugins/com.st.stm32cube.ide.mcu.externaltools.gnu-tools-for-stm32.10.3-2021.10.win32_1.0.200.202301161003/tools/bin/../lib/gcc/arm-none-eabi/10.3.1/../../../../arm-none-eabi/lib/thumb/v7e-m+fp/hard\libc_nano.a(lib_a-malloc.o)
                              ./Middlewares/ST/STM32_USB_Host_Library/Class/CDC/Src/usbh_cdc.o (malloc)
d:/st/stm32cubeide_1.12.1/stm32cubeide/plugins/com.st.stm32cube.ide.mcu.externaltools.gnu-tools-for-stm32.10.3-2021.10.win32_1.0.200.202301161003/tools/bin/../lib/gcc/arm-none-eabi/10.3.1/../../../../arm-none-eabi/lib/thumb/v7e-m+fp/hard\libc_nano.a(lib_a-memset.o)
                              d:/st/stm32cubeide_1.12.1/stm32cubeide/plugins/com.st.stm32cube.ide.mcu.externaltools.gnu-tools-for-stm32.10.3-2021.10.win32_1.0.200.202301161003/tools/bin/../lib/gcc/arm-none-eabi/10.3.1/../../../../arm-none-eabi/lib/thumb/v7e-m+fp/hard/crt0.o (memset)
d:/st/stm32cubeide_1.12.1/stm32cubeide/plugins/com.st.stm32cube.ide.mcu.externaltools.gnu-tools-for-stm32.10.3-2021.10.win32_1.0.200.202301161003/tools/bin/../lib/gcc/arm-none-eabi/10.3.1/../../../../arm-none-eabi/lib/thumb/v7e-m+fp/hard\libc_nano.a(lib_a-nano-freer.o)
                              d:/st/stm32cubeide_1.12.1/stm32cubeide/plugins/com.st.stm32cube.ide.mcu.externaltools.gnu-tools-for-stm32.10.3-2021.10.win32_1.0.200.202301161003/tools/bin/../lib/gcc/arm-none-eabi/10.3.1/../../../../arm-none-eabi/lib/thumb/v7e-m+fp/hard\libc_nano.a(lib_a-malloc.o) (_free_r)
d:/st/stm32cubeide_1.12.1/stm32cubeide/plugins/com.st.stm32cube.ide.mcu.externaltools.gnu-tools-for-stm32.10.3-2021.10.win32_1.0.200.202301161003/tools/bin/../lib/gcc/arm-none-eabi/10.3.1/../../../../arm-none-eabi/lib/thumb/v7e-m+fp/hard\libc_nano.a(lib_a-nano-mallocr.o)
                              d:/st/stm32cubeide_1.12.1/stm32cubeide/plugins/com.st.stm32cube.ide.mcu.externaltools.gnu-tools-for-stm32.10.3-2021.10.win32_1.0.200.202301161003/tools/bin/../lib/gcc/arm-none-eabi/10.3.1/../../../../arm-none-eabi/lib/thumb/v7e-m+fp/hard\libc_nano.a(lib_a-malloc.o) (_malloc_r)
d:/st/stm32cubeide_1.12.1/stm32cubeide/plugins/com.st.stm32cube.ide.mcu.externaltools.gnu-tools-for-stm32.10.3-2021.10.win32_1.0.200.202301161003/tools/bin/../lib/gcc/arm-none-eabi/10.3.1/../../../../arm-none-eabi/lib/thumb/v7e-m+fp/hard\libc_nano.a(lib_a-sbrkr.o)
                              d:/st/stm32cubeide_1.12.1/stm32cubeide/plugins/com.st.stm32cube.ide.mcu.externaltools.gnu-tools-for-stm32.10.3-2021.10.win32_1.0.200.202301161003/tools/bin/../lib/gcc/arm-none-eabi/10.3.1/../../../../arm-none-eabi/lib/thumb/v7e-m+fp/hard\libc_nano.a(lib_a-nano-mallocr.o) (_sbrk_r)
d:/st/stm32cubeide_1.12.1/stm32cubeide/plugins/com.st.stm32cube.ide.mcu.externaltools.gnu-tools-for-stm32.10.3-2021.10.win32_1.0.200.202301161003/tools/bin/../lib/gcc/arm-none-eabi/10.3.1/../../../../arm-none-eabi/lib/thumb/v7e-m+fp/hard\libc_nano.a(lib_a-mlock.o)
[...]
Memory Configuration

Name             Origin             Length             Attributes
CCMRAM           0x0000000010000000 0x0000000000010000 xrw
RAM              0x0000000020000000 0x0000000000020000 xrw
FLASH            0x0000000008000000 0x0000000000100000 xr
*default*        0x0000000000000000 0xffffffffffffffff

Linker script and memory map

LOAD d:/st/stm32cubeide_1.12.1/stm32cubeide/plugins/com.st.stm32cube.ide.mcu.externaltools.gnu-tools-for-stm32.10.3-2021.10.win32_1.0.200.202301161003/tools/bin/../lib/gcc/arm-none-eabi/10.3.1/thumb/v7e-m+fp/hard/crti.o
LOAD d:/st/stm32cubeide_1.12.1/stm32cubeide/plugins/com.st.stm32cube.ide.mcu.externaltools.gnu-tools-for-stm32.10.3-2021.10.win32_1.0.200.202301161003/tools/bin/../lib/gcc/arm-none-eabi/10.3.1/thumb/v7e-m+fp/hard/crtbegin.o
LOAD d:/st/stm32cubeide_1.12.1/stm32cubeide/plugins/com.st.stm32cube.ide.mcu.externaltools.gnu-tools-for-stm32.10.3-2021.10.win32_1.0.200.202301161003/tools/bin/../lib/gcc/arm-none-eabi/10.3.1/../../../../arm-none-eabi/lib/thumb/v7e-m+fp/hard/crt0.o
LOAD ./Core/Src/main.o
LOAD ./Core/Src/stm32f4xx_hal_msp.o
LOAD ./Core/Src/stm32f4xx_it.o
LOAD ./Core/Src/syscalls.o
LOAD ./Core/Src/sysmem.o
LOAD ./Core/Src/system_stm32f4xx.o
LOAD ./Core/Startup/startup_stm32f407vgtx.o
LOAD ./Drivers/STM32F4xx_HAL_Driver/Src/stm32f4xx_hal.o
LOAD ./Drivers/STM32F4xx_HAL_Driver/Src/stm32f4xx_hal_adc.o
LOAD ./Drivers/STM32F4xx_HAL_Driver/Src/stm32f4xx_hal_adc_ex.o
LOAD ./Drivers/STM32F4xx_HAL_Driver/Src/stm32f4xx_hal_cortex.o
LOAD ./Drivers/STM32F4xx_HAL_Driver/Src/stm32f4xx_hal_dma.o
LOAD ./Drivers/STM32F4xx_HAL_Driver/Src/stm32f4xx_hal_dma_ex.o
LOAD ./Drivers/STM32F4xx_HAL_Driver/Src/stm32f4xx_hal_exti.o
LOAD ./Drivers/STM32F4xx_HAL_Driver/Src/stm32f4xx_hal_flash.o
LOAD ./Drivers/STM32F4xx_HAL_Driver/Src/stm32f4xx_hal_flash_ex.o
LOAD ./Drivers/STM32F4xx_HAL_Driver/Src/stm32f4xx_hal_flash_ramfunc.o
LOAD ./Drivers/STM32F4xx_HAL_Driver/Src/stm32f4xx_hal_gpio.o
LOAD ./Drivers/STM32F4xx_HAL_Driver/Src/stm32f4xx_hal_hcd.o
LOAD ./Drivers/STM32F4xx_HAL_Driver/Src/stm32f4xx_hal_pwr.o
LOAD ./Drivers/STM32F4xx_HAL_Driver/Src/stm32f4xx_hal_pwr_ex.o
LOAD ./Drivers/STM32F4xx_HAL_Driver/Src/stm32f4xx_hal_rcc.o
LOAD ./Drivers/STM32F4xx_HAL_Driver/Src/stm32f4xx_hal_rcc_ex.o
LOAD ./Drivers/STM32F4xx_HAL_Driver/Src/stm32f4xx_hal_tim.o
LOAD ./Drivers/STM32F4xx_HAL_Driver/Src/stm32f4xx_hal_tim_ex.o
LOAD ./Drivers/STM32F4xx_HAL_Driver/Src/stm32f4xx_hal_uart.o
LOAD ./Drivers/STM32F4xx_HAL_Driver/Src/stm32f4xx_ll_adc.o
LOAD ./Drivers/STM32F4xx_HAL_Driver/Src/stm32f4xx_ll_usb.o
LOAD ./Middlewares/ST/STM32_USB_Host_Library/Class/CDC/Src/usbh_cdc.o
LOAD ./Middlewares/ST/STM32_USB_Host_Library/Core/Src/usbh_core.o
LOAD ./Middlewares/ST/STM32_USB_Host_Library/Core/Src/usbh_ctlreq.o
LOAD ./Middlewares/ST/STM32_USB_Host_Library/Core/Src/usbh_ioreq.o
LOAD ./Middlewares/ST/STM32_USB_Host_Library/Core/Src/usbh_pipes.o
LOAD ./USB_HOST/App/usb_host.o
LOAD ./USB_HOST/Target/usbh_conf.o
LOAD ./USB_HOST/Target/usbh_platform.o
START GROUP
LOAD d:/st/stm32cubeide_1.12.1/stm32cubeide/plugins/com.st.stm32cube.ide.mcu.externaltools.gnu-tools-for-stm32.10.3-2021.10.win32_1.0.200.202301161003/tools/bin/../lib/gcc/arm-none-eabi/10.3.1/../../../../arm-none-eabi/lib/thumb/v7e-m+fp/hard\libc_nano.a
LOAD d:/st/stm32cubeide_1.12.1/stm32cubeide/plugins/com.st.stm32cube.ide.mcu.externaltools.gnu-tools-for-stm32.10.3-2021.10.win32_1.0.200.202301161003/tools/bin/../lib/gcc/arm-none-eabi/10.3.1/../../../../arm-none-eabi/lib/thumb/v7e-m+fp/hard\libm.a
END GROUP
START GROUP
LOAD d:/st/stm32cubeide_1.12.1/stm32cubeide/plugins/com.st.stm32cube.ide.mcu.externaltools.gnu-tools-for-stm32.10.3-2021.10.win32_1.0.200.202301161003/tools/bin/../lib/gcc/arm-none-eabi/10.3.1/thumb/v7e-m+fp/hard\libgcc.a
LOAD d:/st/stm32cubeide_1.12.1/stm32cubeide/plugins/com.st.stm32cube.ide.mcu.externaltools.gnu-tools-for-stm32.10.3-2021.10.win32_1.0.200.202301161003/tools/bin/../lib/gcc/arm-none-eabi/10.3.1/../../../../arm-none-eabi/lib/thumb/v7e-m+fp/hard\libc_nano.a
END GROUP
START GROUP
LOAD d:/st/stm32cubeide_1.12.1/stm32cubeide/plugins/com.st.stm32cube.ide.mcu.externaltools.gnu-tools-for-stm32.10.3-2021.10.win32_1.0.200.202301161003/tools/bin/../lib/gcc/arm-none-eabi/10.3.1/thumb/v7e-m+fp/hard\libgcc.a
LOAD d:/st/stm32cubeide_1.12.1/stm32cubeide/plugins/com.st.stm32cube.ide.mcu.externaltools.gnu-tools-for-stm32.10.3-2021.10.win32_1.0.200.202301161003/tools/bin/../lib/gcc/arm-none-eabi/10.3.1/../../../../arm-none-eabi/lib/thumb/v7e-m+fp/hard\libc_nano.a
LOAD d:/st/stm32cubeide_1.12.1/stm32cubeide/plugins/com.st.stm32cube.ide.mcu.externaltools.gnu-tools-for-stm32.10.3-2021.10.win32_1.0.200.202301161003/tools/bin/../lib/gcc/arm-none-eabi/10.3.1/../../../../arm-none-eabi/lib/thumb/v7e-m+fp/hard\libnosys.a
END GROUP
START GROUP
LOAD d:/st/stm32cubeide_1.12.1/stm32cubeide/plugins/com.st.stm32cube.ide.mcu.externaltools.gnu-tools-for-stm32.10.3-2021.10.win32_1.0.200.202301161003/tools/bin/../lib/gcc/arm-none-eabi/10.3.1/thumb/v7e-m+fp/hard\libgcc.a
LOAD d:/st/stm32cubeide_1.12.1/stm32cubeide/plugins/com.st.stm32cube.ide.mcu.externaltools.gnu-tools-for-stm32.10.3-2021.10.win32_1.0.200.202301161003/tools/bin/../lib/gcc/arm-none-eabi/10.3.1/../../../../arm-none-eabi/lib/thumb/v7e-m+fp/hard\libc_nano.a
LOAD d:/st/stm32cubeide_1.12.1/stm32cubeide/plugins/com.st.stm32cube.ide.mcu.externaltools.gnu-tools-for-stm32.10.3-2021.10.win32_1.0.200.202301161003/tools/bin/../lib/gcc/arm-none-eabi/10.3.1/../../../../arm-none-eabi/lib/thumb/v7e-m+fp/hard\libnosys.a
END GROUP
LOAD d:/st/stm32cubeide_1.12.1/stm32cubeide/plugins/com.st.stm32cube.ide.mcu.externaltools.gnu-tools-for-stm32.10.3-2021.10.win32_1.0.200.202301161003/tools/bin/../lib/gcc/arm-none-eabi/10.3.1/thumb/v7e-m+fp/hard/crtend.o
LOAD d:/st/stm32cubeide_1.12.1/stm32cubeide/plugins/com.st.stm32cube.ide.mcu.externaltools.gnu-tools-for-stm32.10.3-2021.10.win32_1.0.200.202301161003/tools/bin/../lib/gcc/arm-none-eabi/10.3.1/thumb/v7e-m+fp/hard/crtn.o
                0x0000000020020000                _estack = (ORIGIN (RAM) + LENGTH (RAM))
                0x0000000000000200                _Min_Heap_Size = 0x200
                0x0000000000000400                _Min_Stack_Size = 0x400

.isr_vector     0x0000000008000000      0x188
                0x0000000008000000                . = ALIGN (0x4)
 *(.isr_vector)
 .isr_vector    0x0000000008000000      0x188 ./Core/Startup/startup_stm32f407vgtx.o
                0x0000000008000000                g_pfnVectors
                0x0000000008000188                . = ALIGN (0x4)

.text           0x0000000008000188     0x8368
                0x0000000008000188                . = ALIGN (0x4)
 *(.text)
 .text          0x0000000008000188       0x40 d:/st/stm32cubeide_1.12.1/stm32cubeide/plugins/com.st.stm32cube.ide.mcu.externaltools.gnu-tools-for-stm32.10.3-2021.10.win32_1.0.200.202301161003/tools/bin/../lib/gcc/arm-none-eabi/10.3.1/thumb/v7e-m+fp/hard/crtbegin.o
 .text          0x00000000080001c8       0x30 d:/st/stm32cubeide_1.12.1/stm32cubeide/plugins/com.st.stm32cube.ide.mcu.externaltools.gnu-tools-for-stm32.10.3-2021.10.win32_1.0.200.202301161003/tools/bin/../lib/gcc/arm-none-eabi/10.3.1/thumb/v7e-m+fp/hard\libgcc.a(_aeabi_uldivmod.o)
                0x00000000080001c8                __aeabi_uldivmod
 .text          0x00000000080001f8      0x2d0 d:/st/stm32cubeide_1.12.1/stm32cubeide/plugins/com.st.stm32cube.ide.mcu.externaltools.gnu-tools-for-stm32.10.3-2021.10.win32_1.0.200.202301161003/tools/bin/../lib/gcc/arm-none-eabi/10.3.1/thumb/v7e-m+fp/hard\libgcc.a(_udivmoddi4.o)
                0x00000000080001f8                __udivmoddi4
 .text          0x00000000080004c8        0x4 d:/st/stm32cubeide_1.12.1/stm32cubeide/plugins/com.st.stm32cube.ide.mcu.externaltools.gnu-tools-for-stm32.10.3-2021.10.win32_1.0.200.202301161003/tools/bin/../lib/gcc/arm-none-eabi/10.3.1/thumb/v7e-m+fp/hard\libgcc.a(_dvmd_tls.o)
                0x00000000080004c8                __aeabi_idiv0
                0x00000000080004c8                __aeabi_ldiv0
 *(.text*)
 .text.main     0x00000000080004cc       0x40 ./Core/Src/main.o
                0x00000000080004cc                main
 .text.SystemClock_Config
                0x000000000800050c       0xd4 ./Core/Src/main.o
                0x000000000800050c                SystemClock_Config
 .text.MX_ADC1_Init
                0x00000000080005e0       0xa4 ./Core/Src/main.o
 .text.MX_USART2_UART_Init
                0x0000000008000684       0x54 ./Core/Src/main.o
 .text.MX_GPIO_Init
                0x00000000080006d8      0x240 ./Core/Src/main.o
 .text.Error_Handler
                0x0000000008000918        0xa ./Core/Src/main.o
                0x0000000008000918                Error_Handler
 *fill*         0x0000000008000922        0x2 
 .text.HAL_MspInit
                0x0000000008000924       0x50 ./Core/Src/stm32f4xx_hal_msp.o
                0x0000000008000924                HAL_MspInit
 .text.HAL_ADC_MspInit
                0x0000000008000974       0x98 ./Core/Src/stm32f4xx_hal_msp.o
                0x0000000008000974                HAL_ADC_MspInit
 .text.HAL_UART_MspInit
                0x0000000008000a0c       0xa0 ./Core/Src/stm32f4xx_hal_msp.o
                0x0000000008000a0c                HAL_UART_MspInit
 .text.NMI_Handler
                0x0000000008000aac        0x6 ./Core/Src/stm32f4xx_it.o
                0x0000000008000aac                NMI_Handler
 .text.HardFault_Handler
                0x0000000008000ab2        0x6 ./Core/Src/stm32f4xx_it.o
                0x0000000008000ab2                HardFault_Handler
 .text.MemManage_Handler
                0x0000000008000ab8        0x6 ./Core/Src/stm32f4xx_it.o
                0x0000000008000ab8                MemManage_Handler
 .text.BusFault_Handler
                0x0000000008000abe        0x6 ./Core/Src/stm32f4xx_it.o
                0x0000000008000abe                BusFault_Handler
 .text.UsageFault_Handler
                0x0000000008000ac4        0x6 ./Core/Src/stm32f4xx_it.o
                0x0000000008000ac4                UsageFault_Handler
 .text.SVC_Handler
                0x0000000008000aca        0xe ./Core/Src/stm32f4xx_it.o
                0x0000000008000aca                SVC_Handler
 .text.DebugMon_Handler
                0x0000000008000ad8        0xe ./Core/Src/stm32f4xx_it.o
                0x0000000008000ad8                DebugMon_Handler
 .text.PendSV_Handler
                0x0000000008000ae6        0xe ./Core/Src/stm32f4xx_it.o
                0x0000000008000ae6                PendSV_Handler
 .text.SysTick_Handler
                0x0000000008000af4        0xc ./Core/Src/stm32f4xx_it.o
                0x0000000008000af4                SysTick_Handler
 .text.ADC_IRQHandler
                0x0000000008000b00       0x14 ./Core/Src/stm32f4xx_it.o
                0x0000000008000b00                ADC_IRQHandler
 .text.USART2_IRQHandler
                0x0000000008000b14       0x14 ./Core/Src/stm32f4xx_it.o
                0x0000000008000b14                USART2_IRQHandler
 .text.OTG_FS_IRQHandler
                0x0000000008000b28       0x14 ./Core/Src/stm32f4xx_it.o
                0x0000000008000b28                OTG_FS_IRQHandler
 .text._sbrk    0x0000000008000b3c       0x6c ./Core/Src/sysmem.o
                0x0000000008000b3c                _sbrk
 .text.SystemInit
                0x0000000008000ba8       0x24 ./Core/Src/system_stm32f4xx.o
                0x0000000008000ba8                SystemInit
 .text.Reset_Handler
                0x0000000008000bcc       0x50 ./Core/Startup/startup_stm32f407vgtx.o
                0x0000000008000bcc                Reset_Handler
 .text.Default_Handler
                0x0000000008000c1c        0x2 ./Core/Startup/startup_stm32f407vgtx.o
                0x0000000008000c1c                RTC_Alarm_IRQHandler
                0x0000000008000c1c                HASH_RNG_IRQHandler
                0x0000000008000c1c                EXTI2_IRQHandler
                0x0000000008000c1c                TIM8_CC_IRQHandler
                0x0000000008000c1c                TIM1_CC_IRQHandler
                0x0000000008000c1c                DMA2_Stream5_IRQHandler
                0x0000000008000c1c                DMA1_Stream5_IRQHandler
                0x0000000008000c1c                PVD_IRQHandler
                0x0000000008000c1c                SDIO_IRQHandler
                0x0000000008000c1c                TAMP_STAMP_IRQHandler
                0x0000000008000c1c                CAN2_RX1_IRQHandler
                0x0000000008000c1c                EXTI3_IRQHandler
                0x0000000008000c1c                TIM8_TRG_COM_TIM14_IRQHandler
                0x0000000008000c1c                TIM1_UP_TIM10_IRQHandler
                0x0000000008000c1c                TIM8_UP_TIM13_IRQHandler
                0x0000000008000c1c                I2C3_ER_IRQHandler
                0x0000000008000c1c                EXTI0_IRQHandler
                0x0000000008000c1c                I2C2_EV_IRQHandler
                0x0000000008000c1c                DMA1_Stream2_IRQHandler
                0x0000000008000c1c                CAN1_RX0_IRQHandler
                0x0000000008000c1c                FPU_IRQHandler
                0x0000000008000c1c                OTG_HS_WKUP_IRQHandler
                0x0000000008000c1c                CAN2_SCE_IRQHandler
                0x0000000008000c1c                DMA2_Stream2_IRQHandler
                0x0000000008000c1c                SPI1_IRQHandler
                0x0000000008000c1c                TIM6_DAC_IRQHandler
                0x0000000008000c1c                TIM1_BRK_TIM9_IRQHandler
                0x0000000008000c1c                DCMI_IRQHandler
                0x0000000008000c1c                CAN2_RX0_IRQHandler
                0x0000000008000c1c                DMA2_Stream3_IRQHandler
                0x0000000008000c1c                USART6_IRQHandler
                0x0000000008000c1c                USART3_IRQHandler
                0x0000000008000c1c                CAN1_RX1_IRQHandler
                0x0000000008000c1c                UART5_IRQHandler
                0x0000000008000c1c                DMA2_Stream0_IRQHandler
                0x0000000008000c1c                TIM4_IRQHandler
                0x0000000008000c1c                I2C1_EV_IRQHandler
                0x0000000008000c1c                DMA1_Stream6_IRQHandler
                0x0000000008000c1c                DMA1_Stream1_IRQHandler
                0x0000000008000c1c                UART4_IRQHandler
                0x0000000008000c1c                TIM3_IRQHandler
                0x0000000008000c1c                RCC_IRQHandler
                0x0000000008000c1c                TIM8_BRK_TIM12_IRQHandler
                0x0000000008000c1c                Default_Handler
                0x0000000008000c1c                EXTI15_10_IRQHandler
                0x0000000008000c1c                DMA1_Stream7_IRQHandler
                0x0000000008000c1c                TIM7_IRQHandler
                0x0000000008000c1c                CAN2_TX_IRQHandler
                0x0000000008000c1c                TIM5_IRQHandler
                0x0000000008000c1c                DMA2_Stream7_IRQHandler
                0x0000000008000c1c                I2C3_EV_IRQHandler
                0x0000000008000c1c                EXTI9_5_IRQHandler
                0x0000000008000c1c                RTC_WKUP_IRQHandler
                0x0000000008000c1c                ETH_WKUP_IRQHandler
                0x0000000008000c1c                SPI2_IRQHandler
                0x0000000008000c1c                OTG_HS_EP1_IN_IRQHandler
                0x0000000008000c1c                DMA1_Stream0_IRQHandler
                0x0000000008000c1c                CAN1_TX_IRQHandler
                0x0000000008000c1c                EXTI4_IRQHandler
                0x0000000008000c1c                FSMC_IRQHandler
                0x0000000008000c1c                ETH_IRQHandler
                0x0000000008000c1c                OTG_HS_EP1_OUT_IRQHandler
                0x0000000008000c1c                WWDG_IRQHandler
                0x0000000008000c1c                TIM2_IRQHandler
                0x0000000008000c1c                OTG_FS_WKUP_IRQHandler
                0x0000000008000c1c                TIM1_TRG_COM_TIM11_IRQHandler
                0x0000000008000c1c                OTG_HS_IRQHandler
                0x0000000008000c1c                EXTI1_IRQHandler
                0x0000000008000c1c                I2C2_ER_IRQHandler
                0x0000000008000c1c                DMA2_Stream1_IRQHandler
                0x0000000008000c1c                CAN1_SCE_IRQHandler
                0x0000000008000c1c                FLASH_IRQHandler
                0x0000000008000c1c                DMA2_Stream4_IRQHandler
                0x0000000008000c1c                USART1_IRQHandler
                0x0000000008000c1c                SPI3_IRQHandler
                0x0000000008000c1c                DMA1_Stream4_IRQHandler
                0x0000000008000c1c                I2C1_ER_IRQHandler
                0x0000000008000c1c                DMA2_Stream6_IRQHandler
                0x0000000008000c1c                DMA1_Stream3_IRQHandler
 *fill*         0x0000000008000c1e        0x2 
 .text.HAL_Init
                0x0000000008000c20       0x44 ./Drivers/STM32F4xx_HAL_Driver/Src/stm32f4xx_hal.o
                0x0000000008000c20                HAL_Init
 .text.HAL_InitTick
                0x0000000008000c64       0x60 ./Drivers/STM32F4xx_HAL_Driver/Src/stm32f4xx_hal.o
                0x0000000008000c64                HAL_InitTick
 .text.HAL_IncTick
                0x0000000008000cc4       0x28 ./Drivers/STM32F4xx_HAL_Driver/Src/stm32f4xx_hal.o
                0x0000000008000cc4                HAL_IncTick
 .text.HAL_GetTick
                0x0000000008000cec       0x18 ./Drivers/STM32F4xx_HAL_Driver/Src/stm32f4xx_hal.o
                0x0000000008000cec                HAL_GetTick
 .text.HAL_Delay
                0x0000000008000d04       0x48 ./Drivers/STM32F4xx_HAL_Driver/Src/stm32f4xx_hal.o
                0x0000000008000d04                HAL_Delay
 .text.HAL_ADC_Init
                0x0000000008000d4c       0x86 ./Drivers/STM32F4xx_HAL_Driver/Src/stm32f4xx_hal_adc.o
                0x0000000008000d4c                HAL_ADC_Init
 .text.HAL_ADC_IRQHandler
                0x0000000008000dd2      0x220 ./Drivers/STM32F4xx_HAL_Driver/Src/stm32f4xx_hal_adc.o
                0x0000000008000dd2                HAL_ADC_IRQHandler
 .text.HAL_ADC_ConvCpltCallback
                0x0000000008000ff2       0x14 ./Drivers/STM32F4xx_HAL_Driver/Src/stm32f4xx_hal_adc.o
                0x0000000008000ff2                HAL_ADC_ConvCpltCallback
 .text.HAL_ADC_LevelOutOfWindowCallback
                0x0000000008001006       0x14 ./Drivers/STM32F4xx_HAL_Driver/Src/stm32f4xx_hal_adc.o
                0x0000000008001006                HAL_ADC_LevelOutOfWindowCallback
 .text.HAL_ADC_ErrorCallback
                0x000000000800101a       0x14 ./Drivers/STM32F4xx_HAL_Driver/Src/stm32f4xx_hal_adc.o
                0x000000000800101a                HAL_ADC_ErrorCallback
 *fill*         0x000000000800102e        0x2 
 .text.HAL_ADC_ConfigChannel
                0x0000000008001030      0x244 ./Drivers/STM32F4xx_HAL_Driver/Src/stm32f4xx_hal_adc.o
                0x0000000008001030                HAL_ADC_ConfigChannel
 .text.ADC_Init
                0x0000000008001274      0x1f8 ./Drivers/STM32F4xx_HAL_Driver/Src/stm32f4xx_hal_adc.o
 .text.HAL_ADCEx_InjectedConvCpltCallback
                0x000000000800146c       0x14 ./Drivers/STM32F4xx_HAL_Driver/Src/stm32f4xx_hal_adc_ex.o
                0x000000000800146c                HAL_ADCEx_InjectedConvCpltCallback
 .text.__NVIC_SetPriorityGrouping
                0x0000000008001480       0x48 ./Drivers/STM32F4xx_HAL_Driver/Src/stm32f4xx_hal_cortex.o
 .text.__NVIC_GetPriorityGrouping
                0x00000000080014c8       0x1c ./Drivers/STM32F4xx_HAL_Driver/Src/stm32f4xx_hal_cortex.o
 .text.__NVIC_EnableIRQ
                0x00000000080014e4       0x3c ./Drivers/STM32F4xx_HAL_Driver/Src/stm32f4xx_hal_cortex.o
 .text.__NVIC_SetPriority
                0x0000000008001520       0x54 ./Drivers/STM32F4xx_HAL_Driver/Src/stm32f4xx_hal_cortex.o
 .text.NVIC_EncodePriority
                0x0000000008001574       0x66 ./Drivers/STM32F4xx_HAL_Driver/Src/stm32f4xx_hal_cortex.o
 *fill*         0x00000000080015da        0x2 
 .text.SysTick_Config
                0x00000000080015dc       0x44 ./Drivers/STM32F4xx_HAL_Driver/Src/stm32f4xx_hal_cortex.o
 .text.HAL_NVIC_SetPriorityGrouping
                0x0000000008001620       0x16 ./Drivers/STM32F4xx_HAL_Driver/Src/stm32f4xx_hal_cortex.o
                0x0000000008001620                HAL_NVIC_SetPriorityGrouping
 .text.HAL_NVIC_SetPriority
                0x0000000008001636       0x38 ./Drivers/STM32F4xx_HAL_Driver/Src/stm32f4xx_hal_cortex.o
                0x0000000008001636                HAL_NVIC_SetPriority
 .text.HAL_NVIC_EnableIRQ
                0x000000000800166e       0x1c ./Drivers/STM32F4xx_HAL_Driver/Src/stm32f4xx_hal_cortex.o
                0x000000000800166e                HAL_NVIC_EnableIRQ
 .text.HAL_SYSTICK_Config
                0x000000000800168a       0x18 ./Drivers/STM32F4xx_HAL_Driver/Src/stm32f4xx_hal_cortex.o
                0x000000000800168a                HAL_SYSTICK_Config
 .text.HAL_DMA_Abort
                0x00000000080016a2       0xe0 ./Drivers/STM32F4xx_HAL_Driver/Src/stm32f4xx_hal_dma.o
                0x00000000080016a2                HAL_DMA_Abort
 .text.HAL_DMA_Abort_IT
                0x0000000008001782       0x44 ./Drivers/STM32F4xx_HAL_Driver/Src/stm32f4xx_hal_dma.o
                0x0000000008001782                HAL_DMA_Abort_IT
 *fill*         0x00000000080017c6        0x2 
 .text.HAL_GPIO_Init
                0x00000000080017c8      0x338 ./Drivers/STM32F4xx_HAL_Driver/Src/stm32f4xx_hal_gpio.o
                0x00000000080017c8                HAL_GPIO_Init
 .text.HAL_GPIO_WritePin
                0x0000000008001b00       0x32 ./Drivers/STM32F4xx_HAL_Driver/Src/stm32f4xx_hal_gpio.o
                0x0000000008001b00                HAL_GPIO_WritePin
 .text.HAL_HCD_Init
                0x0000000008001b32       0xc4 ./Drivers/STM32F4xx_HAL_Driver/Src/stm32f4xx_hal_hcd.o
                0x0000000008001b32                HAL_HCD_Init
 .text.HAL_HCD_HC_Init
                0x0000000008001bf6      0x11e ./Drivers/STM32F4xx_HAL_Driver/Src/stm32f4xx_hal_hcd.o
                0x0000000008001bf6                HAL_HCD_HC_Init
 .text.HAL_HCD_HC_Halt
                0x0000000008001d14       0x46 ./Drivers/STM32F4xx_HAL_Driver/Src/stm32f4xx_hal_hcd.o
                0x0000000008001d14                HAL_HCD_HC_Halt
 *fill*         0x0000000008001d5a        0x2 
 .text.HAL_HCD_HC_SubmitRequest
                0x0000000008001d5c      0x2ac ./Drivers/STM32F4xx_HAL_Driver/Src/stm32f4xx_hal_hcd.o
                0x0000000008001d5c                HAL_HCD_HC_SubmitRequest
 .text.HAL_HCD_IRQHandler
                0x0000000008002008      0x216 ./Drivers/STM32F4xx_HAL_Driver/Src/stm32f4xx_hal_hcd.o
                0x0000000008002008                HAL_HCD_IRQHandler
 .text.HAL_HCD_Start
                0x000000000800221e       0x46 ./Drivers/STM32F4xx_HAL_Driver/Src/stm32f4xx_hal_hcd.o
                0x000000000800221e                HAL_HCD_Start
 .text.HAL_HCD_Stop
                0x0000000008002264       0x3a ./Drivers/STM32F4xx_HAL_Driver/Src/stm32f4xx_hal_hcd.o
                0x0000000008002264                HAL_HCD_Stop
 .text.HAL_HCD_ResetPort
                0x000000000800229e       0x1c ./Drivers/STM32F4xx_HAL_Driver/Src/stm32f4xx_hal_hcd.o
                0x000000000800229e                HAL_HCD_ResetPort
 .text.HAL_HCD_HC_GetURBState
                0x00000000080022ba       0x28 ./Drivers/STM32F4xx_HAL_Driver/Src/stm32f4xx_hal_hcd.o
                0x00000000080022ba                HAL_HCD_HC_GetURBState
 .text.HAL_HCD_HC_GetXferCount
                0x00000000080022e2       0x28 ./Drivers/STM32F4xx_HAL_Driver/Src/stm32f4xx_hal_hcd.o
                0x00000000080022e2                HAL_HCD_HC_GetXferCount
 .text.HAL_HCD_GetCurrentFrame
                0x000000000800230a       0x1c ./Drivers/STM32F4xx_HAL_Driver/Src/stm32f4xx_hal_hcd.o
                0x000000000800230a                HAL_HCD_GetCurrentFrame
 .text.HAL_HCD_GetCurrentSpeed
                0x0000000008002326       0x1c ./Drivers/STM32F4xx_HAL_Driver/Src/stm32f4xx_hal_hcd.o
                0x0000000008002326                HAL_HCD_GetCurrentSpeed
 .text.HCD_HC_IN_IRQHandler
                0x0000000008002342      0x6aa ./Drivers/STM32F4xx_HAL_Driver/Src/stm32f4xx_hal_hcd.o
 .text.HCD_HC_OUT_IRQHandler
                0x00000000080029ec      0x6d2 ./Drivers/STM32F4xx_HAL_Driver/Src/stm32f4xx_hal_hcd.o
 .text.HCD_RXQLVL_IRQHandler
                0x00000000080030be      0x1a4 ./Drivers/STM32F4xx_HAL_Driver/Src/stm32f4xx_hal_hcd.o
 .text.HCD_Port_IRQHandler
                0x0000000008003262       0xe6 ./Drivers/STM32F4xx_HAL_Driver/Src/stm32f4xx_hal_hcd.o
 .text.HAL_RCC_OscConfig
                0x0000000008003348      0x4f0 ./Drivers/STM32F4xx_HAL_Driver/Src/stm32f4xx_hal_rcc.o
                0x0000000008003348                HAL_RCC_OscConfig
 .text.HAL_RCC_ClockConfig
                0x0000000008003838      0x1cc ./Drivers/STM32F4xx_HAL_Driver/Src/stm32f4xx_hal_rcc.o
                0x0000000008003838                HAL_RCC_ClockConfig
 .text.HAL_RCC_GetSysClockFreq
                0x0000000008003a04      0x20c ./Drivers/STM32F4xx_HAL_Driver/Src/stm32f4xx_hal_rcc.o
                0x0000000008003a04                HAL_RCC_GetSysClockFreq
 .text.HAL_RCC_GetHCLKFreq
                0x0000000008003c10       0x18 ./Drivers/STM32F4xx_HAL_Driver/Src/stm32f4xx_hal_rcc.o
                0x0000000008003c10                HAL_RCC_GetHCLKFreq
 .text.HAL_RCC_GetPCLK1Freq
                0x0000000008003c28       0x28 ./Drivers/STM32F4xx_HAL_Driver/Src/stm32f4xx_hal_rcc.o
                0x0000000008003c28                HAL_RCC_GetPCLK1Freq
 .text.HAL_RCC_GetPCLK2Freq
                0x0000000008003c50       0x28 ./Drivers/STM32F4xx_HAL_Driver/Src/stm32f4xx_hal_rcc.o
                0x0000000008003c50                HAL_RCC_GetPCLK2Freq
 .text.HAL_UART_Init
                0x0000000008003c78       0x9a ./Drivers/STM32F4xx_HAL_Driver/Src/stm32f4xx_hal_uart.o
                0x0000000008003c78                HAL_UART_Init
 .text.HAL_UART_Transmit
                0x0000000008003d12      0x124 ./Drivers/STM32F4xx_HAL_Driver/Src/stm32f4xx_hal_uart.o
                0x0000000008003d12                HAL_UART_Transmit
 *fill*         0x0000000008003e36        0x2 
 .text.HAL_UART_IRQHandler
                0x0000000008003e38      0x51c ./Drivers/STM32F4xx_HAL_Driver/Src/stm32f4xx_hal_uart.o
                0x0000000008003e38                HAL_UART_IRQHandler
 .text.HAL_UART_TxCpltCallback
                0x0000000008004354       0x14 ./Drivers/STM32F4xx_HAL_Driver/Src/stm32f4xx_hal_uart.o
                0x0000000008004354                HAL_UART_TxCpltCallback
 .text.HAL_UART_RxCpltCallback
                0x0000000008004368       0x14 ./Drivers/STM32F4xx_HAL_Driver/Src/stm32f4xx_hal_uart.o
                0x0000000008004368                HAL_UART_RxCpltCallback
 .text.HAL_UART_ErrorCallback
                0x000000000800437c       0x14 ./Drivers/STM32F4xx_HAL_Driver/Src/stm32f4xx_hal_uart.o
                0x000000000800437c                HAL_UART_ErrorCallback
 .text.HAL_UARTEx_RxEventCallback
                0x0000000008004390       0x18 ./Drivers/STM32F4xx_HAL_Driver/Src/stm32f4xx_hal_uart.o
                0x0000000008004390                HAL_UARTEx_RxEventCallback
 .text.UART_WaitOnFlagUntilTimeout
                0x00000000080043a8       0xdc ./Drivers/STM32F4xx_HAL_Driver/Src/stm32f4xx_hal_uart.o
 .text.UART_EndRxTransfer
                0x0000000008004484       0xc6 ./Drivers/STM32F4xx_HAL_Driver/Src/stm32f4xx_hal_uart.o
 .text.UART_DMAAbortOnError
                0x000000000800454a       0x28 ./Drivers/STM32F4xx_HAL_Driver/Src/stm32f4xx_hal_uart.o
 .text.UART_Transmit_IT
                0x0000000008004572       0xa0 ./Drivers/STM32F4xx_HAL_Driver/Src/stm32f4xx_hal_uart.o
 .text.UART_EndTransmit_IT
                0x0000000008004612       0x30 ./Drivers/STM32F4xx_HAL_Driver/Src/stm32f4xx_hal_uart.o
 .text.UART_Receive_IT
                0x0000000008004642      0x176 ./Drivers/STM32F4xx_HAL_Driver/Src/stm32f4xx_hal_uart.o
 .text.UART_SetConfig
                0x00000000080047b8      0x4e8 ./Drivers/STM32F4xx_HAL_Driver/Src/stm32f4xx_hal_uart.o
 .text.USB_CoreInit
                0x0000000008004ca0       0xc2 ./Drivers/STM32F4xx_HAL_Driver/Src/stm32f4xx_ll_usb.o
                0x0000000008004ca0                USB_CoreInit
 .text.USB_EnableGlobalInt
                0x0000000008004d62       0x22 ./Drivers/STM32F4xx_HAL_Driver/Src/stm32f4xx_ll_usb.o
                0x0000000008004d62                USB_EnableGlobalInt
 .text.USB_DisableGlobalInt
                0x0000000008004d84       0x22 ./Drivers/STM32F4xx_HAL_Driver/Src/stm32f4xx_ll_usb.o
                0x0000000008004d84                USB_DisableGlobalInt
 .text.USB_SetCurrentMode
                0x0000000008004da6       0x98 ./Drivers/STM32F4xx_HAL_Driver/Src/stm32f4xx_ll_usb.o
                0x0000000008004da6                USB_SetCurrentMode
 *fill*         0x0000000008004e3e        0x2 
 .text.USB_FlushTxFifo
                0x0000000008004e40       0x68 ./Drivers/STM32F4xx_HAL_Driver/Src/stm32f4xx_ll_usb.o
                0x0000000008004e40                USB_FlushTxFifo
 .text.USB_FlushRxFifo
                0x0000000008004ea8       0x60 ./Drivers/STM32F4xx_HAL_Driver/Src/stm32f4xx_ll_usb.o
                0x0000000008004ea8                USB_FlushRxFifo
 .text.USB_WritePacket
                0x0000000008004f08       0x7c ./Drivers/STM32F4xx_HAL_Driver/Src/stm32f4xx_ll_usb.o
                0x0000000008004f08                USB_WritePacket
 .text.USB_ReadPacket
                0x0000000008004f84       0xb0 ./Drivers/STM32F4xx_HAL_Driver/Src/stm32f4xx_ll_usb.o
                0x0000000008004f84                USB_ReadPacket
 .text.USB_ReadInterrupts
                0x0000000008005034       0x26 ./Drivers/STM32F4xx_HAL_Driver/Src/stm32f4xx_ll_usb.o
                0x0000000008005034                USB_ReadInterrupts
 .text.USB_GetMode
                0x000000000800505a       0x1c ./Drivers/STM32F4xx_HAL_Driver/Src/stm32f4xx_ll_usb.o
                0x000000000800505a                USB_GetMode
 *fill*         0x0000000008005076        0x2 
 .text.USB_CoreReset
                0x0000000008005078       0x68 ./Drivers/STM32F4xx_HAL_Driver/Src/stm32f4xx_ll_usb.o
 .text.USB_HostInit
                0x00000000080050e0      0x180 ./Drivers/STM32F4xx_HAL_Driver/Src/stm32f4xx_ll_usb.o
                0x00000000080050e0                USB_HostInit
 .text.USB_InitFSLSPClkSel
                0x0000000008005260       0x74 ./Drivers/STM32F4xx_HAL_Driver/Src/stm32f4xx_ll_usb.o
                0x0000000008005260                USB_InitFSLSPClkSel
 .text.USB_ResetPort
                0x00000000080052d4       0x54 ./Drivers/STM32F4xx_HAL_Driver/Src/stm32f4xx_ll_usb.o
                0x00000000080052d4                USB_ResetPort
 .text.USB_DriveVbus
                0x0000000008005328       0x72 ./Drivers/STM32F4xx_HAL_Driver/Src/stm32f4xx_ll_usb.o
                0x0000000008005328                USB_DriveVbus
 .text.USB_GetHostSpeed
                0x000000000800539a       0x2e ./Drivers/STM32F4xx_HAL_Driver/Src/stm32f4xx_ll_usb.o
                0x000000000800539a                USB_GetHostSpeed
 .text.USB_GetCurrentFrame
                0x00000000080053c8       0x22 ./Drivers/STM32F4xx_HAL_Driver/Src/stm32f4xx_ll_usb.o
                0x00000000080053c8                USB_GetCurrentFrame
 *fill*         0x00000000080053ea        0x2 
 .text.USB_HC_Init
                0x00000000080053ec      0x244 ./Drivers/STM32F4xx_HAL_Driver/Src/stm32f4xx_ll_usb.o
                0x00000000080053ec                USB_HC_Init
 .text.USB_HC_StartXfer
                0x0000000008005630      0x284 ./Drivers/STM32F4xx_HAL_Driver/Src/stm32f4xx_ll_usb.o
                0x0000000008005630                USB_HC_StartXfer
 .text.USB_HC_ReadInterrupt
                0x00000000080058b4       0x22 ./Drivers/STM32F4xx_HAL_Driver/Src/stm32f4xx_ll_usb.o
                0x00000000080058b4                USB_HC_ReadInterrupt
 .text.USB_HC_Halt
                0x00000000080058d6      0x1f8 ./Drivers/STM32F4xx_HAL_Driver/Src/stm32f4xx_ll_usb.o
                0x00000000080058d6                USB_HC_Halt
 *fill*         0x0000000008005ace        0x2 
 .text.USB_DoPing
                0x0000000008005ad0       0x78 ./Drivers/STM32F4xx_HAL_Driver/Src/stm32f4xx_ll_usb.o
                0x0000000008005ad0                USB_DoPing
 .text.USB_StopHost
                0x0000000008005b48      0x124 ./Drivers/STM32F4xx_HAL_Driver/Src/stm32f4xx_ll_usb.o
                0x0000000008005b48                USB_StopHost
 .text.USBH_CDC_InterfaceInit
                0x0000000008005c6c      0x2ac ./Middlewares/ST/STM32_USB_Host_Library/Class/CDC/Src/usbh_cdc.o
 .text.USBH_CDC_InterfaceDeInit
                0x0000000008005f18       0xb2 ./Middlewares/ST/STM32_USB_Host_Library/Class/CDC/Src/usbh_cdc.o
 .text.USBH_CDC_ClassRequest
                0x0000000008005fca       0x3e ./Middlewares/ST/STM32_USB_Host_Library/Class/CDC/Src/usbh_cdc.o
 .text.USBH_CDC_Process
                0x0000000008006008      0x12c ./Middlewares/ST/STM32_USB_Host_Library/Class/CDC/Src/usbh_cdc.o
 .text.USBH_CDC_SOFProcess
                0x0000000008006134       0x16 ./Middlewares/ST/STM32_USB_Host_Library/Class/CDC/Src/usbh_cdc.o
 .text.GetLineCoding
                0x000000000800614a       0x3e ./Middlewares/ST/STM32_USB_Host_Library/Class/CDC/Src/usbh_cdc.o
 .text.SetLineCoding
                0x0000000008006188       0x3e ./Middlewares/ST/STM32_USB_Host_Library/Class/CDC/Src/usbh_cdc.o
 .text.CDC_ProcessTransmission
                0x00000000080061c6       0xec ./Middlewares/ST/STM32_USB_Host_Library/Class/CDC/Src/usbh_cdc.o
 .text.CDC_ProcessReception
                0x00000000080062b2       0xb6 ./Middlewares/ST/STM32_USB_Host_Library/Class/CDC/Src/usbh_cdc.o
 .text.USBH_CDC_TransmitCallback
                0x0000000008006368       0x14 ./Middlewares/ST/STM32_USB_Host_Library/Class/CDC/Src/usbh_cdc.o
                0x0000000008006368                USBH_CDC_TransmitCallback
 .text.USBH_CDC_ReceiveCallback
                0x000000000800637c       0x14 ./Middlewares/ST/STM32_USB_Host_Library/Class/CDC/Src/usbh_cdc.o
                0x000000000800637c                USBH_CDC_ReceiveCallback
 .text.USBH_CDC_LineCodingChanged
                0x0000000008006390       0x14 ./Middlewares/ST/STM32_USB_Host_Library/Class/CDC/Src/usbh_cdc.o
                0x0000000008006390                USBH_CDC_LineCodingChanged
 .text.USBH_Init
                0x00000000080063a4       0x74 ./Middlewares/ST/STM32_USB_Host_Library/Core/Src/usbh_core.o
                0x00000000080063a4                USBH_Init
 .text.DeInitStateMachine
                0x0000000008006418       0xa8 ./Middlewares/ST/STM32_USB_Host_Library/Core/Src/usbh_core.o
 .text.USBH_RegisterClass
                0x00000000080064c0       0x54 ./Middlewares/ST/STM32_USB_Host_Library/Core/Src/usbh_core.o
                0x00000000080064c0                USBH_RegisterClass
 .text.USBH_SelectInterface
                0x0000000008006514       0x38 ./Middlewares/ST/STM32_USB_Host_Library/Core/Src/usbh_core.o
                0x0000000008006514                USBH_SelectInterface
 .text.USBH_FindInterface
                0x000000000800654c       0x8c ./Middlewares/ST/STM32_USB_Host_Library/Core/Src/usbh_core.o
                0x000000000800654c                USBH_FindInterface
 .text.USBH_Start
                0x00000000080065d8       0x20 ./Middlewares/ST/STM32_USB_Host_Library/Core/Src/usbh_core.o
                0x00000000080065d8                USBH_Start
 .text.USBH_Process
                0x00000000080065f8      0x3d8 ./Middlewares/ST/STM32_USB_Host_Library/Core/Src/usbh_core.o
                0x00000000080065f8                USBH_Process
 .text.USBH_HandleEnum
                0x00000000080069d0      0x3c8 ./Middlewares/ST/STM32_USB_Host_Library/Core/Src/usbh_core.o
 .text.USBH_LL_SetTimer
                0x0000000008006d98       0x1e ./Middlewares/ST/STM32_USB_Host_Library/Core/Src/usbh_core.o
                0x0000000008006d98                USBH_LL_SetTimer
 .text.USBH_LL_IncTimer
                0x0000000008006db6       0x24 ./Middlewares/ST/STM32_USB_Host_Library/Core/Src/usbh_core.o
                0x0000000008006db6                USBH_LL_IncTimer
 .text.USBH_HandleSof
                0x0000000008006dda       0x30 ./Middlewares/ST/STM32_USB_Host_Library/Core/Src/usbh_core.o
 .text.USBH_LL_PortEnabled
                0x0000000008006e0a       0x1c ./Middlewares/ST/STM32_USB_Host_Library/Core/Src/usbh_core.o
                0x0000000008006e0a                USBH_LL_PortEnabled
 .text.USBH_LL_PortDisabled
                0x0000000008006e26       0x1c ./Middlewares/ST/STM32_USB_Host_Library/Core/Src/usbh_core.o
                0x0000000008006e26                USBH_LL_PortDisabled
 .text.USBH_LL_Connect
                0x0000000008006e42       0x2e ./Middlewares/ST/STM32_USB_Host_Library/Core/Src/usbh_core.o
                0x0000000008006e42                USBH_LL_Connect
 .text.USBH_LL_Disconnect
                0x0000000008006e70       0x48 ./Middlewares/ST/STM32_USB_Host_Library/Core/Src/usbh_core.o
                0x0000000008006e70                USBH_LL_Disconnect
 .text.USBH_Get_DevDesc
                0x0000000008006eb8       0x50 ./Middlewares/ST/STM32_USB_Host_Library/Core/Src/usbh_ctlreq.o
                0x0000000008006eb8                USBH_Get_DevDesc
 .text.USBH_Get_CfgDesc
                0x0000000008006f08       0x48 ./Middlewares/ST/STM32_USB_Host_Library/Core/Src/usbh_ctlreq.o
                0x0000000008006f08                USBH_Get_CfgDesc
 .text.USBH_Get_StringDesc
                0x0000000008006f50       0x56 ./Middlewares/ST/STM32_USB_Host_Library/Core/Src/usbh_ctlreq.o
                0x0000000008006f50                USBH_Get_StringDesc
 .text.USBH_GetDescriptor
                0x0000000008006fa6       0x6a ./Middlewares/ST/STM32_USB_Host_Library/Core/Src/usbh_ctlreq.o
                0x0000000008006fa6                USBH_GetDescriptor
 .text.USBH_SetAddress
                0x0000000008007010       0x48 ./Middlewares/ST/STM32_USB_Host_Library/Core/Src/usbh_ctlreq.o
                0x0000000008007010                USBH_SetAddress
 .text.USBH_SetCfg
                0x0000000008007058       0x46 ./Middlewares/ST/STM32_USB_Host_Library/Core/Src/usbh_ctlreq.o
                0x0000000008007058                USBH_SetCfg
 .text.USBH_SetFeature
                0x000000000800709e       0x48 ./Middlewares/ST/STM32_USB_Host_Library/Core/Src/usbh_ctlreq.o
                0x000000000800709e                USBH_SetFeature
 .text.USBH_ClrFeature
                0x00000000080070e6       0x48 ./Middlewares/ST/STM32_USB_Host_Library/Core/Src/usbh_ctlreq.o
                0x00000000080070e6                USBH_ClrFeature
 .text.USBH_ParseDevDesc
                0x000000000800712e      0x122 ./Middlewares/ST/STM32_USB_Host_Library/Core/Src/usbh_ctlreq.o
 .text.USBH_ParseCfgDesc
                0x0000000008007250      0x1ec ./Middlewares/ST/STM32_USB_Host_Library/Core/Src/usbh_ctlreq.o
 .text.USBH_ParseInterfaceDesc
                0x000000000800743c       0x5e ./Middlewares/ST/STM32_USB_Host_Library/Core/Src/usbh_ctlreq.o
 .text.USBH_ParseEPDesc
                0x000000000800749a      0x14a ./Middlewares/ST/STM32_USB_Host_Library/Core/Src/usbh_ctlreq.o
 .text.USBH_ParseStringDesc
                0x00000000080075e4       0x66 ./Middlewares/ST/STM32_USB_Host_Library/Core/Src/usbh_ctlreq.o
 .text.USBH_GetNextDesc
                0x000000000800764a       0x36 ./Middlewares/ST/STM32_USB_Host_Library/Core/Src/usbh_ctlreq.o
                0x000000000800764a                USBH_GetNextDesc
 .text.USBH_CtlReq
                0x0000000008007680       0x7a ./Middlewares/ST/STM32_USB_Host_Library/Core/Src/usbh_ctlreq.o
                0x0000000008007680                USBH_CtlReq
 *fill*         0x00000000080076fa        0x2 
 .text.USBH_HandleControl
                0x00000000080076fc      0x2e8 ./Middlewares/ST/STM32_USB_Host_Library/Core/Src/usbh_ctlreq.o
 .text.USBH_CtlSendSetup
                0x00000000080079e4       0x34 ./Middlewares/ST/STM32_USB_Host_Library/Core/Src/usbh_ioreq.o
                0x00000000080079e4                USBH_CtlSendSetup
 .text.USBH_CtlSendData
                0x0000000008007a18       0x4a ./Middlewares/ST/STM32_USB_Host_Library/Core/Src/usbh_ioreq.o
                0x0000000008007a18                USBH_CtlSendData
 .text.USBH_CtlReceiveData
                0x0000000008007a62       0x3c ./Middlewares/ST/STM32_USB_Host_Library/Core/Src/usbh_ioreq.o
                0x0000000008007a62                USBH_CtlReceiveData
 .text.USBH_BulkSendData
                0x0000000008007a9e       0x4a ./Middlewares/ST/STM32_USB_Host_Library/Core/Src/usbh_ioreq.o
                0x0000000008007a9e                USBH_BulkSendData
 .text.USBH_BulkReceiveData
                0x0000000008007ae8       0x3c ./Middlewares/ST/STM32_USB_Host_Library/Core/Src/usbh_ioreq.o
                0x0000000008007ae8                USBH_BulkReceiveData
 .text.USBH_OpenPipe
                0x0000000008007b24       0x3e ./Middlewares/ST/STM32_USB_Host_Library/Core/Src/usbh_pipes.o
                0x0000000008007b24                USBH_OpenPipe
 .text.USBH_ClosePipe
                0x0000000008007b62       0x20 ./Middlewares/ST/STM32_USB_Host_Library/Core/Src/usbh_pipes.o
                0x0000000008007b62                USBH_ClosePipe
 .text.USBH_AllocPipe
                0x0000000008007b82       0x42 ./Middlewares/ST/STM32_USB_Host_Library/Core/Src/usbh_pipes.o
                0x0000000008007b82                USBH_AllocPipe
 .text.USBH_FreePipe
                0x0000000008007bc4       0x3c ./Middlewares/ST/STM32_USB_Host_Library/Core/Src/usbh_pipes.o
                0x0000000008007bc4                USBH_FreePipe
 .text.USBH_GetFreePipe
                0x0000000008007c00       0x48 ./Middlewares/ST/STM32_USB_Host_Library/Core/Src/usbh_pipes.o
 .text.MX_USB_HOST_Init
                0x0000000008007c48       0x4c ./USB_HOST/App/usb_host.o
                0x0000000008007c48                MX_USB_HOST_Init
 .text.MX_USB_HOST_Process
                0x0000000008007c94       0x14 ./USB_HOST/App/usb_host.o
                0x0000000008007c94                MX_USB_HOST_Process
 .text.USBH_UserProcess
                0x0000000008007ca8       0x5c ./USB_HOST/App/usb_host.o
 .text.HAL_HCD_MspInit
                0x0000000008007d04       0xc4 ./USB_HOST/Target/usbh_conf.o
                0x0000000008007d04                HAL_HCD_MspInit
 .text.HAL_HCD_SOF_Callback
                0x0000000008007dc8       0x1c ./USB_HOST/Target/usbh_conf.o
                0x0000000008007dc8                HAL_HCD_SOF_Callback
 .text.HAL_HCD_Connect_Callback
                0x0000000008007de4       0x1c ./USB_HOST/Target/usbh_conf.o
                0x0000000008007de4                HAL_HCD_Connect_Callback
 .text.HAL_HCD_Disconnect_Callback
                0x0000000008007e00       0x1c ./USB_HOST/Target/usbh_conf.o
                0x0000000008007e00                HAL_HCD_Disconnect_Callback
 .text.HAL_HCD_HC_NotifyURBChange_Callback
                0x0000000008007e1c       0x1c ./USB_HOST/Target/usbh_conf.o
                0x0000000008007e1c                HAL_HCD_HC_NotifyURBChange_Callback
 .text.HAL_HCD_PortEnabled_Callback
                0x0000000008007e38       0x1c ./USB_HOST/Target/usbh_conf.o
                0x0000000008007e38                HAL_HCD_PortEnabled_Callback
 .text.HAL_HCD_PortDisabled_Callback
                0x0000000008007e54       0x1c ./USB_HOST/Target/usbh_conf.o
                0x0000000008007e54                HAL_HCD_PortDisabled_Callback
 .text.USBH_LL_Init
                0x0000000008007e70       0x78 ./USB_HOST/Target/usbh_conf.o
                0x0000000008007e70                USBH_LL_Init
 .text.USBH_LL_Start
                0x0000000008007ee8       0x36 ./USB_HOST/Target/usbh_conf.o
                0x0000000008007ee8                USBH_LL_Start
 .text.USBH_LL_Stop
                0x0000000008007f1e       0x36 ./USB_HOST/Target/usbh_conf.o
                0x0000000008007f1e                USBH_LL_Stop
 .text.USBH_LL_GetSpeed
                0x0000000008007f54       0x4e ./USB_HOST/Target/usbh_conf.o
                0x0000000008007f54                USBH_LL_GetSpeed
 .text.USBH_LL_ResetPort
                0x0000000008007fa2       0x36 ./USB_HOST/Target/usbh_conf.o
                0x0000000008007fa2                USBH_LL_ResetPort
 .text.USBH_LL_GetLastXferSize
                0x0000000008007fd8       0x26 ./USB_HOST/Target/usbh_conf.o
                0x0000000008007fd8                USBH_LL_GetLastXferSize
 .text.USBH_LL_OpenPipe
                0x0000000008007ffe       0x5e ./USB_HOST/Target/usbh_conf.o
                0x0000000008007ffe                USBH_LL_OpenPipe
 .text.USBH_LL_ClosePipe
                0x000000000800805c       0x3e ./USB_HOST/Target/usbh_conf.o
                0x000000000800805c                USBH_LL_ClosePipe
 .text.USBH_LL_SubmitURB
                0x000000000800809a       0x62 ./USB_HOST/Target/usbh_conf.o
                0x000000000800809a                USBH_LL_SubmitURB
 .text.USBH_LL_GetURBState
                0x00000000080080fc       0x26 ./USB_HOST/Target/usbh_conf.o
                0x00000000080080fc                USBH_LL_GetURBState
 .text.USBH_LL_DriverVBUS
                0x0000000008008122       0x2e ./USB_HOST/Target/usbh_conf.o
                0x0000000008008122                USBH_LL_DriverVBUS
 .text.USBH_LL_SetToggle
                0x0000000008008150       0x60 ./USB_HOST/Target/usbh_conf.o
                0x0000000008008150                USBH_LL_SetToggle
 .text.USBH_Delay
                0x00000000080081b0       0x16 ./USB_HOST/Target/usbh_conf.o
                0x00000000080081b0                USBH_Delay
 *fill*         0x00000000080081c6        0x2 
 .text.USBH_Get_USB_Status
                0x00000000080081c8       0x58 ./USB_HOST/Target/usbh_conf.o
                0x00000000080081c8                USBH_Get_USB_Status
 .text.MX_DriverVbusFS
                0x0000000008008220       0x38 ./USB_HOST/Target/usbh_platform.o
                0x0000000008008220                MX_DriverVbusFS
 .text.__errno  0x0000000008008258        0xc d:/st/stm32cubeide_1.12.1/stm32cubeide/plugins/com.st.stm32cube.ide.mcu.externaltools.gnu-tools-for-stm32.10.3-2021.10.win32_1.0.200.202301161003/tools/bin/../lib/gcc/arm-none-eabi/10.3.1/../../../../arm-none-eabi/lib/thumb/v7e-m+fp/hard\libc_nano.a(lib_a-errno.o)
                0x0000000008008258                __errno
 .text.__libc_init_array
                0x0000000008008264       0x48 d:/st/stm32cubeide_1.12.1/stm32cubeide/plugins/com.st.stm32cube.ide.mcu.externaltools.gnu-tools-for-stm32.10.3-2021.10.win32_1.0.200.202301161003/tools/bin/../lib/gcc/arm-none-eabi/10.3.1/../../../../arm-none-eabi/lib/thumb/v7e-m+fp/hard\libc_nano.a(lib_a-init.o)
                0x0000000008008264                __libc_init_array
 .text.malloc   0x00000000080082ac       0x10 d:/st/stm32cubeide_1.12.1/stm32cubeide/plugins/com.st.stm32cube.ide.mcu.externaltools.gnu-tools-for-stm32.10.3-2021.10.win32_1.0.200.202301161003/tools/bin/../lib/gcc/arm-none-eabi/10.3.1/../../../../arm-none-eabi/lib/thumb/v7e-m+fp/hard\libc_nano.a(lib_a-malloc.o)
                0x00000000080082ac                malloc
 .text.free     0x00000000080082bc       0x10 d:/st/stm32cubeide_1.12.1/stm32cubeide/plugins/com.st.stm32cube.ide.mcu.externaltools.gnu-tools-for-stm32.10.3-2021.10.win32_1.0.200.202301161003/tools/bin/../lib/gcc/arm-none-eabi/10.3.1/../../../../arm-none-eabi/lib/thumb/v7e-m+fp/hard\libc_nano.a(lib_a-malloc.o)
                0x00000000080082bc                free
 .text.memset   0x00000000080082cc       0x10 d:/st/stm32cubeide_1.12.1/stm32cubeide/plugins/com.st.stm32cube.ide.mcu.externaltools.gnu-tools-for-stm32.10.3-2021.10.win32_1.0.200.202301161003/tools/bin/../lib/gcc/arm-none-eabi/10.3.1/../../../../arm-none-eabi/lib/thumb/v7e-m+fp/hard\libc_nano.a(lib_a-memset.o)
                0x00000000080082cc                memset
 .text._free_r  0x00000000080082dc       0x98 d:/st/stm32cubeide_1.12.1/stm32cubeide/plugins/com.st.stm32cube.ide.mcu.externaltools.gnu-tools-for-stm32.10.3-2021.10.win32_1.0.200.202301161003/tools/bin/../lib/gcc/arm-none-eabi/10.3.1/../../../../arm-none-eabi/lib/thumb/v7e-m+fp/hard\libc_nano.a(lib_a-nano-freer.o)
                0x00000000080082dc                _free_r
 .text.sbrk_aligned
                0x0000000008008374       0x40 d:/st/stm32cubeide_1.12.1/stm32cubeide/plugins/com.st.stm32cube.ide.mcu.externaltools.gnu-tools-for-stm32.10.3-2021.10.win32_1.0.200.202301161003/tools/bin/../lib/gcc/arm-none-eabi/10.3.1/../../../../arm-none-eabi/lib/thumb/v7e-m+fp/hard\libc_nano.a(lib_a-nano-mallocr.o)
 .text._malloc_r
                0x00000000080083b4       0xe8 d:/st/stm32cubeide_1.12.1/stm32cubeide/plugins/com.st.stm32cube.ide.mcu.externaltools.gnu-tools-for-stm32.10.3-2021.10.win32_1.0.200.202301161003/tools/bin/../lib/gcc/arm-none-eabi/10.3.1/../../../../arm-none-eabi/lib/thumb/v7e-m+fp/hard\libc_nano.a(lib_a-nano-mallocr.o)
                0x00000000080083b4                _malloc_r
 .text._sbrk_r  0x000000000800849c       0x20 d:/st/stm32cubeide_1.12.1/stm32cubeide/plugins/com.st.stm32cube.ide.mcu.externaltools.gnu-tools-for-stm32.10.3-2021.10.win32_1.0.200.202301161003/tools/bin/../lib/gcc/arm-none-eabi/10.3.1/../../../../arm-none-eabi/lib/thumb/v7e-m+fp/hard\libc_nano.a(lib_a-sbrkr.o)
                0x000000000800849c                _sbrk_r
 .text.__malloc_lock
                0x00000000080084bc        0xc d:/st/stm32cubeide_1.12.1/stm32cubeide/plugins/com.st.stm32cube.ide.mcu.externaltools.gnu-tools-for-stm32.10.3-2021.10.win32_1.0.200.202301161003/tools/bin/../lib/gcc/arm-none-eabi/10.3.1/../../../../arm-none-eabi/lib/thumb/v7e-m+fp/hard\libc_nano.a(lib_a-mlock.o)
                0x00000000080084bc                __malloc_lock
 .text.__malloc_unlock
                0x00000000080084c8        0xc d:/st/stm32cubeide_1.12.1/stm32cubeide/plugins/com.st.stm32cube.ide.mcu.externaltools.gnu-tools-for-stm32.10.3-2021.10.win32_1.0.200.202301161003/tools/bin/../lib/gcc/arm-none-eabi/10.3.1/../../../../arm-none-eabi/lib/thumb/v7e-m+fp/hard\libc_nano.a(lib_a-mlock.o)
                0x00000000080084c8                __malloc_unlock
 .text.__retarget_lock_acquire_recursive
                0x00000000080084d4        0x2 d:/st/stm32cubeide_1.12.1/stm32cubeide/plugins/com.st.stm32cube.ide.mcu.externaltools.gnu-tools-for-stm32.10.3-2021.10.win32_1.0.200.202301161003/tools/bin/../lib/gcc/arm-none-eabi/10.3.1/../../../../arm-none-eabi/lib/thumb/v7e-m+fp/hard\libc_nano.a(lib_a-lock.o)
                0x00000000080084d4                __retarget_lock_acquire_recursive
 .text.__retarget_lock_release_recursive
                0x00000000080084d6        0x2 d:/st/stm32cubeide_1.12.1/stm32cubeide/plugins/com.st.stm32cube.ide.mcu.externaltools.gnu-tools-for-stm32.10.3-2021.10.win32_1.0.200.202301161003/tools/bin/../lib/gcc/arm-none-eabi/10.3.1/../../../../arm-none-eabi/lib/thumb/v7e-m+fp/hard\libc_nano.a(lib_a-lock.o)
                0x00000000080084d6                __retarget_lock_release_recursive
 *(.glue_7)
 .glue_7        0x00000000080084d8        0x0 linker stubs
 *(.glue_7t)
 .glue_7t       0x00000000080084d8        0x0 linker stubs
 *(.eh_frame)
 .eh_frame      0x00000000080084d8        0x0 d:/st/stm32cubeide_1.12.1/stm32cubeide/plugins/com.st.stm32cube.ide.mcu.externaltools.gnu-tools-for-stm32.10.3-2021.10.win32_1.0.200.202301161003/tools/bin/../lib/gcc/arm-none-eabi/10.3.1/thumb/v7e-m+fp/hard/crtbegin.o
 *(.init)
 .init          0x00000000080084d8        0x4 d:/st/stm32cubeide_1.12.1/stm32cubeide/plugins/com.st.stm32cube.ide.mcu.externaltools.gnu-tools-for-stm32.10.3-2021.10.win32_1.0.200.202301161003/tools/bin/../lib/gcc/arm-none-eabi/10.3.1/thumb/v7e-m+fp/hard/crti.o
                0x00000000080084d8                _init
 .init          0x00000000080084dc        0x8 d:/st/stm32cubeide_1.12.1/stm32cubeide/plugins/com.st.stm32cube.ide.mcu.externaltools.gnu-tools-for-stm32.10.3-2021.10.win32_1.0.200.202301161003/tools/bin/../lib/gcc/arm-none-eabi/10.3.1/thumb/v7e-m+fp/hard/crtn.o
 *(.fini)
 .fini          0x00000000080084e4        0x4 d:/st/stm32cubeide_1.12.1/stm32cubeide/plugins/com.st.stm32cube.ide.mcu.externaltools.gnu-tools-for-stm32.10.3-2021.10.win32_1.0.200.202301161003/tools/bin/../lib/gcc/arm-none-eabi/10.3.1/thumb/v7e-m+fp/hard/crti.o
                0x00000000080084e4                _fini
 .fini          0x00000000080084e8        0x8 d:/st/stm32cubeide_1.12.1/stm32cubeide/plugins/com.st.stm32cube.ide.mcu.externaltools.gnu-tools-for-stm32.10.3-2021.10.win32_1.0.200.202301161003/tools/bin/../lib/gcc/arm-none-eabi/10.3.1/thumb/v7e-m+fp/hard/crtn.o
                0x00000000080084f0                . = ALIGN (0x4)
                0x00000000080084f0                _etext = .

.vfp11_veneer   0x00000000080084f0        0x0
 .vfp11_veneer  0x00000000080084f0        0x0 linker stubs

.v4_bx          0x00000000080084f0        0x0
 .v4_bx         0x00000000080084f0        0x0 linker stubs

.iplt           0x00000000080084f0        0x0
 .iplt          0x00000000080084f0        0x0 d:/st/stm32cubeide_1.12.1/stm32cubeide/plugins/com.st.stm32cube.ide.mcu.externaltools.gnu-tools-for-stm32.10.3-2021.10.win32_1.0.200.202301161003/tools/bin/../lib/gcc/arm-none-eabi/10.3.1/thumb/v7e-m+fp/hard/crtbegin.o

.rodata         0x00000000080084f0       0x1c
                0x00000000080084f0                . = ALIGN (0x4)
 *(.rodata)
 .rodata        0x00000000080084f0        0x4 ./Middlewares/ST/STM32_USB_Host_Library/Class/CDC/Src/usbh_cdc.o
 *(.rodata*)
 .rodata.AHBPrescTable
                0x00000000080084f4       0x10 ./Core/Src/system_stm32f4xx.o
                0x00000000080084f4                AHBPrescTable
 .rodata.APBPrescTable
                0x0000000008008504        0x8 ./Core/Src/system_stm32f4xx.o
                0x0000000008008504                APBPrescTable
                0x000000000800850c                . = ALIGN (0x4)

.ARM.extab      0x000000000800850c        0x0
                0x000000000800850c                . = ALIGN (0x4)
 *(.ARM.extab* .gnu.linkonce.armextab.*)
                0x000000000800850c                . = ALIGN (0x4)

.ARM            0x000000000800850c        0x8
                0x000000000800850c                . = ALIGN (0x4)
                0x000000000800850c                __exidx_start = .
 *(.ARM.exidx*)
 .ARM.exidx     0x000000000800850c        0x8 d:/st/stm32cubeide_1.12.1/stm32cubeide/plugins/com.st.stm32cube.ide.mcu.externaltools.gnu-tools-for-stm32.10.3-2021.10.win32_1.0.200.202301161003/tools/bin/../lib/gcc/arm-none-eabi/10.3.1/thumb/v7e-m+fp/hard\libgcc.a(_udivmoddi4.o)
                0x0000000008008514                __exidx_end = .
                0x0000000008008514                . = ALIGN (0x4)

.rel.dyn        0x0000000008008514        0x0
 .rel.iplt      0x0000000008008514        0x0 d:/st/stm32cubeide_1.12.1/stm32cubeide/plugins/com.st.stm32cube.ide.mcu.externaltools.gnu-tools-for-stm32.10.3-2021.10.win32_1.0.200.202301161003/tools/bin/../lib/gcc/arm-none-eabi/10.3.1/thumb/v7e-m+fp/hard/crtbegin.o

.preinit_array  0x0000000008008514        0x0
                0x0000000008008514                . = ALIGN (0x4)
                0x0000000008008514                PROVIDE (__preinit_array_start = .)
 *(.preinit_array*)
                0x0000000008008514                PROVIDE (__preinit_array_end = .)
                0x0000000008008514                . = ALIGN (0x4)

.init_array     0x0000000008008514        0x4
                0x0000000008008514                . = ALIGN (0x4)
                0x0000000008008514                PROVIDE (__init_array_start = .)
 *(SORT_BY_NAME(.init_array.*))
 *(.init_array*)
 .init_array    0x0000000008008514        0x4 d:/st/stm32cubeide_1.12.1/stm32cubeide/plugins/com.st.stm32cube.ide.mcu.externaltools.gnu-tools-for-stm32.10.3-2021.10.win32_1.0.200.202301161003/tools/bin/../lib/gcc/arm-none-eabi/10.3.1/thumb/v7e-m+fp/hard/crtbegin.o
                0x0000000008008518                PROVIDE (__init_array_end = .)
                0x0000000008008518                . = ALIGN (0x4)

.fini_array     0x0000000008008518        0x4
                0x0000000008008518                . = ALIGN (0x4)
                [!provide]                        PROVIDE (__fini_array_start = .)
 *(SORT_BY_NAME(.fini_array.*))
 *(.fini_array*)
 .fini_array    0x0000000008008518        0x4 d:/st/stm32cubeide_1.12.1/stm32cubeide/plugins/com.st.stm32cube.ide.mcu.externaltools.gnu-tools-for-stm32.10.3-2021.10.win32_1.0.200.202301161003/tools/bin/../lib/gcc/arm-none-eabi/10.3.1/thumb/v7e-m+fp/hard/crtbegin.o
                [!provide]                        PROVIDE (__fini_array_end = .)
                0x000000000800851c                . = ALIGN (0x4)
                0x000000000800851c                _sidata = LOADADDR (.data)

.data           0x0000000020000000       0xa4 load address 0x000000000800851c
                0x0000000020000000                . = ALIGN (0x4)
                0x0000000020000000                _sdata = .
 *(.data)
 *(.data*)
 .data.Test     0x0000000020000000       0x12 ./Core/Src/main.o
                0x0000000020000000                Test
 *fill*         0x0000000020000012        0x2 
 .data.SystemCoreClock
                0x0000000020000014        0x4 ./Core/Src/system_stm32f4xx.o
                0x0000000020000014                SystemCoreClock
 .data.uwTickPrio
                0x0000000020000018        0x4 ./Drivers/STM32F4xx_HAL_Driver/Src/stm32f4xx_hal.o
                0x0000000020000018                uwTickPrio
 .data.uwTickFreq
                0x000000002000001c        0x1 ./Drivers/STM32F4xx_HAL_Driver/Src/stm32f4xx_hal.o
                0x000000002000001c                uwTickFreq
 *fill*         0x000000002000001d        0x3 
 .data.CDC_Class
                0x0000000020000020       0x20 ./Middlewares/ST/STM32_USB_Host_Library/Class/CDC/Src/usbh_cdc.o
                0x0000000020000020                CDC_Class
 .data._impure_ptr
                0x0000000020000040        0x4 d:/st/stm32cubeide_1.12.1/stm32cubeide/plugins/com.st.stm32cube.ide.mcu.externaltools.gnu-tools-for-stm32.10.3-2021.10.win32_1.0.200.202301161003/tools/bin/../lib/gcc/arm-none-eabi/10.3.1/../../../../arm-none-eabi/lib/thumb/v7e-m+fp/hard\libc_nano.a(lib_a-impure.o)
                0x0000000020000040                _impure_ptr
 .data.impure_data
                0x0000000020000044       0x60 d:/st/stm32cubeide_1.12.1/stm32cubeide/plugins/com.st.stm32cube.ide.mcu.externaltools.gnu-tools-for-stm32.10.3-2021.10.win32_1.0.200.202301161003/tools/bin/../lib/gcc/arm-none-eabi/10.3.1/../../../../arm-none-eabi/lib/thumb/v7e-m+fp/hard\libc_nano.a(lib_a-impure.o)
 *(.RamFunc)
 *(.RamFunc*)
                0x00000000200000a4                . = ALIGN (0x4)
                0x00000000200000a4                _edata = .
                0x00000000080085c0                _siccmram = LOADADDR (.ccmram)

.igot.plt       0x00000000200000a4        0x0 load address 0x00000000080085c0
 .igot.plt      0x00000000200000a4        0x0 d:/st/stm32cubeide_1.12.1/stm32cubeide/plugins/com.st.stm32cube.ide.mcu.externaltools.gnu-tools-for-stm32.10.3-2021.10.win32_1.0.200.202301161003/tools/bin/../lib/gcc/arm-none-eabi/10.3.1/thumb/v7e-m+fp/hard/crtbegin.o

.ccmram         0x0000000010000000        0x0 load address 0x00000000080085c0
                0x0000000010000000                . = ALIGN (0x4)
                0x0000000010000000                _sccmram = .
 *(.ccmram)
 *(.ccmram*)
                0x0000000010000000                . = ALIGN (0x4)
                0x0000000010000000                _eccmram = .
                0x0000000010000000                . = ALIGN (0x4)

.bss            0x00000000200000a4      0x7a0
                0x00000000200000a4                _sbss = .
                0x00000000200000a4                __bss_start__ = _sbss
 *(.bss)
 .bss           0x00000000200000a4       0x1c d:/st/stm32cubeide_1.12.1/stm32cubeide/plugins/com.st.stm32cube.ide.mcu.externaltools.gnu-tools-for-stm32.10.3-2021.10.win32_1.0.200.202301161003/tools/bin/../lib/gcc/arm-none-eabi/10.3.1/thumb/v7e-m+fp/hard/crtbegin.o
 *(.bss*)
 .bss.hadc1     0x00000000200000c0       0x48 ./Core/Src/main.o
                0x00000000200000c0                hadc1
 .bss.huart2    0x0000000020000108       0x44 ./Core/Src/main.o
                0x0000000020000108                huart2
 .bss.__sbrk_heap_end
                0x000000002000014c        0x4 ./Core/Src/sysmem.o
 .bss.uwTick    0x0000000020000150        0x4 ./Drivers/STM32F4xx_HAL_Driver/Src/stm32f4xx_hal.o
                0x0000000020000150                uwTick
 .bss.hUsbHostFS
                0x0000000020000154      0x3d8 ./USB_HOST/App/usb_host.o
                0x0000000020000154                hUsbHostFS
 .bss.Appli_state
                0x000000002000052c        0x1 ./USB_HOST/App/usb_host.o
                0x000000002000052c                Appli_state
 *fill*         0x000000002000052d        0x3 
 .bss.hhcd_USB_OTG_FS
                0x0000000020000530      0x304 ./USB_HOST/Target/usbh_conf.o
                0x0000000020000530                hhcd_USB_OTG_FS
 .bss.__malloc_free_list
                0x0000000020000834        0x4 d:/st/stm32cubeide_1.12.1/stm32cubeide/plugins/com.st.stm32cube.ide.mcu.externaltools.gnu-tools-for-stm32.10.3-2021.10.win32_1.0.200.202301161003/tools/bin/../lib/gcc/arm-none-eabi/10.3.1/../../../../arm-none-eabi/lib/thumb/v7e-m+fp/hard\libc_nano.a(lib_a-nano-mallocr.o)
                0x0000000020000834                __malloc_free_list
 .bss.__malloc_sbrk_start
                0x0000000020000838        0x4 d:/st/stm32cubeide_1.12.1/stm32cubeide/plugins/com.st.stm32cube.ide.mcu.externaltools.gnu-tools-for-stm32.10.3-2021.10.win32_1.0.200.202301161003/tools/bin/../lib/gcc/arm-none-eabi/10.3.1/../../../../arm-none-eabi/lib/thumb/v7e-m+fp/hard\libc_nano.a(lib_a-nano-mallocr.o)
                0x0000000020000838                __malloc_sbrk_start
 .bss.errno     0x000000002000083c        0x4 d:/st/stm32cubeide_1.12.1/stm32cubeide/plugins/com.st.stm32cube.ide.mcu.externaltools.gnu-tools-for-stm32.10.3-2021.10.win32_1.0.200.202301161003/tools/bin/../lib/gcc/arm-none-eabi/10.3.1/../../../../arm-none-eabi/lib/thumb/v7e-m+fp/hard\libc_nano.a(lib_a-reent.o)
                0x000000002000083c                errno
 .bss.__lock___malloc_recursive_mutex
                0x0000000020000840        0x1 d:/st/stm32cubeide_1.12.1/stm32cubeide/plugins/com.st.stm32cube.ide.mcu.externaltools.gnu-tools-for-stm32.10.3-2021.10.win32_1.0.200.202301161003/tools/bin/../lib/gcc/arm-none-eabi/10.3.1/../../../../arm-none-eabi/lib/thumb/v7e-m+fp/hard\libc_nano.a(lib_a-lock.o)
                0x0000000020000840                __lock___malloc_recursive_mutex
 *(COMMON)
                0x0000000020000844                . = ALIGN (0x4)
 *fill*         0x0000000020000841        0x3 
                0x0000000020000844                _ebss = .
                0x0000000020000844                __bss_end__ = _ebss

._user_heap_stack
                0x0000000020000844      0x604
                0x0000000020000848                . = ALIGN (0x8)
 *fill*         0x0000000020000844        0x4 
                [!provide]                        PROVIDE (end = .)
                0x0000000020000848                PROVIDE (_end = .)
                0x0000000020000a48                . = (. + _Min_Heap_Size)
 *fill*         0x0000000020000848      0x200 
                0x0000000020000e48                . = (. + _Min_Stack_Size)
 *fill*         0x0000000020000a48      0x400 
                0x0000000020000e48                . = ALIGN (0x8)

/DISCARD/
 libc.a(*)
 libm.a(*)
 libgcc.a(*)

.ARM.attributes
                0x0000000000000000       0x30
 *(.ARM.attributes)
 .ARM.attributes
                0x0000000000000000       0x1e d:/st/stm32cubeide_1.12.1/stm32cubeide/plugins/com.st.stm32cube.ide.mcu.externaltools.gnu-tools-for-stm32.10.3-2021.10.win32_1.0.200.202301161003/tools/bin/../lib/gcc/arm-none-eabi/10.3.1/thumb/v7e-m+fp/hard/crti.o
 .ARM.attributes
                0x000000000000001e       0x34 d:/st/stm32cubeide_1.12.1/stm32cubeide/plugins/com.st.stm32cube.ide.mcu.externaltools.gnu-tools-for-stm32.10.3-2021.10.win32_1.0.200.202301161003/tools/bin/../lib/gcc/arm-none-eabi/10.3.1/thumb/v7e-m+fp/hard/crtbegin.o
 .ARM.attributes
                0x0000000000000052       0x34 ./Core/Src/main.o
 .ARM.attributes
                0x0000000000000086       0x34 ./Core/Src/stm32f4xx_hal_msp.o
 .ARM.attributes
                0x00000000000000ba       0x34 ./Core/Src/stm32f4xx_it.o
 .ARM.attributes
                0x00000000000000ee       0x34 ./Core/Src/sysmem.o
 .ARM.attributes
                0x0000000000000122       0x34 ./Core/Src/system_stm32f4xx.o
 .ARM.attributes
                0x0000000000000156       0x21 ./Core/Startup/startup_stm32f407vgtx.o
 .ARM.attributes
                0x0000000000000177       0x34 ./Drivers/STM32F4xx_HAL_Driver/Src/stm32f4xx_hal.o
 .ARM.attributes
                0x00000000000001ab       0x34 ./Drivers/STM32F4xx_HAL_Driver/Src/stm32f4xx_hal_adc.o
 .ARM.attributes
                0x00000000000001df       0x34 ./Drivers/STM32F4xx_HAL_Driver/Src/stm32f4xx_hal_adc_ex.o
 .ARM.attributes
                0x0000000000000213       0x34 ./Drivers/STM32F4xx_HAL_Driver/Src/stm32f4xx_hal_cortex.o
 .ARM.attributes
                0x0000000000000247       0x34 ./Drivers/STM32F4xx_HAL_Driver/Src/stm32f4xx_hal_dma.o
 .ARM.attributes
                0x000000000000027b       0x34 ./Drivers/STM32F4xx_HAL_Driver/Src/stm32f4xx_hal_gpio.o
 .ARM.attributes
                0x00000000000002af       0x34 ./Drivers/STM32F4xx_HAL_Driver/Src/stm32f4xx_hal_hcd.o
 .ARM.attributes
                0x00000000000002e3       0x34 ./Drivers/STM32F4xx_HAL_Driver/Src/stm32f4xx_hal_rcc.o
 .ARM.attributes
                0x0000000000000317       0x34 ./Drivers/STM32F4xx_HAL_Driver/Src/stm32f4xx_hal_uart.o
 .ARM.attributes
                0x000000000000034b       0x34 ./Drivers/STM32F4xx_HAL_Driver/Src/stm32f4xx_ll_usb.o
 .ARM.attributes
                0x000000000000037f       0x34 ./Middlewares/ST/STM32_USB_Host_Library/Class/CDC/Src/usbh_cdc.o
 .ARM.attributes
                0x00000000000003b3       0x34 ./Middlewares/ST/STM32_USB_Host_Library/Core/Src/usbh_core.o
 .ARM.attributes
                0x00000000000003e7       0x34 ./Middlewares/ST/STM32_USB_Host_Library/Core/Src/usbh_ctlreq.o
 .ARM.attributes
                0x000000000000041b       0x34 ./Middlewares/ST/STM32_USB_Host_Library/Core/Src/usbh_ioreq.o
 .ARM.attributes
                0x000000000000044f       0x34 ./Middlewares/ST/STM32_USB_Host_Library/Core/Src/usbh_pipes.o
 .ARM.attributes
                0x0000000000000483       0x34 ./USB_HOST/App/usb_host.o
 .ARM.attributes
                0x00000000000004b7       0x34 ./USB_HOST/Target/usbh_conf.o
 .ARM.attributes
                0x00000000000004eb       0x34 ./USB_HOST/Target/usbh_platform.o
 .ARM.attributes
                0x000000000000051f       0x34 d:/st/stm32cubeide_1.12.1/stm32cubeide/plugins/com.st.stm32cube.ide.mcu.externaltools.gnu-tools-for-stm32.10.3-2021.10.win32_1.0.200.202301161003/tools/bin/../lib/gcc/arm-none-eabi/10.3.1/../../../../arm-none-eabi/lib/thumb/v7e-m+fp/hard\libc_nano.a(lib_a-errno.o)
 .ARM.attributes
                0x0000000000000553       0x34 d:/st/stm32cubeide_1.12.1/stm32cubeide/plugins/com.st.stm32cube.ide.mcu.externaltools.gnu-tools-for-stm32.10.3-2021.10.win32_1.0.200.202301161003/tools/bin/../lib/gcc/arm-none-eabi/10.3.1/../../../../arm-none-eabi/lib/thumb/v7e-m+fp/hard\libc_nano.a(lib_a-impure.o)
 .ARM.attributes
                0x0000000000000587       0x34 d:/st/stm32cubeide_1.12.1/stm32cubeide/plugins/com.st.stm32cube.ide.mcu.externaltools.gnu-tools-for-stm32.10.3-2021.10.win32_1.0.200.202301161003/tools/bin/../lib/gcc/arm-none-eabi/10.3.1/../../../../arm-none-eabi/lib/thumb/v7e-m+fp/hard\libc_nano.a(lib_a-init.o)
 .ARM.attributes
                0x00000000000005bb       0x34 d:/st/stm32cubeide_1.12.1/stm32cubeide/plugins/com.st.stm32cube.ide.mcu.externaltools.gnu-tools-for-stm32.10.3-2021.10.win32_1.0.200.202301161003/tools/bin/../lib/gcc/arm-none-eabi/10.3.1/../../../../arm-none-eabi/lib/thumb/v7e-m+fp/hard\libc_nano.a(lib_a-malloc.o)
 .ARM.attributes
                0x00000000000005ef       0x34 d:/st/stm32cubeide_1.12.1/stm32cubeide/plugins/com.st.stm32cube.ide.mcu.externaltools.gnu-tools-for-stm32.10.3-2021.10.win32_1.0.200.202301161003/tools/bin/../lib/gcc/arm-none-eabi/10.3.1/../../../../arm-none-eabi/lib/thumb/v7e-m+fp/hard\libc_nano.a(lib_a-memset.o)
 .ARM.attributes
                0x0000000000000623       0x34 d:/st/stm32cubeide_1.12.1/stm32cubeide/plugins/com.st.stm32cube.ide.mcu.externaltools.gnu-tools-for-stm32.10.3-2021.10.win32_1.0.200.202301161003/tools/bin/../lib/gcc/arm-none-eabi/10.3.1/../../../../arm-none-eabi/lib/thumb/v7e-m+fp/hard\libc_nano.a(lib_a-nano-freer.o)
 .ARM.attributes
                0x0000000000000657       0x34 d:/st/stm32cubeide_1.12.1/stm32cubeide/plugins/com.st.stm32cube.ide.mcu.externaltools.gnu-tools-for-stm32.10.3-2021.10.win32_1.0.200.202301161003/tools/bin/../lib/gcc/arm-none-eabi/10.3.1/../../../../arm-none-eabi/lib/thumb/v7e-m+fp/hard\libc_nano.a(lib_a-nano-mallocr.o)
 .ARM.attributes
                0x000000000000068b       0x34 d:/st/stm32cubeide_1.12.1/stm32cubeide/plugins/com.st.stm32cube.ide.mcu.externaltools.gnu-tools-for-stm32.10.3-2021.10.win32_1.0.200.202301161003/tools/bin/../lib/gcc/arm-none-eabi/10.3.1/../../../../arm-none-eabi/lib/thumb/v7e-m+fp/hard\libc_nano.a(lib_a-sbrkr.o)
 .ARM.attributes
                0x00000000000006bf       0x34 d:/st/stm32cubeide_1.12.1/stm32cubeide/plugins/com.st.stm32cube.ide.mcu.externaltools.gnu-tools-for-stm32.10.3-2021.10.win32_1.0.200.202301161003/tools/bin/../lib/gcc/arm-none-eabi/10.3.1/../../../../arm-none-eabi/lib/thumb/v7e-m+fp/hard\libc_nano.a(lib_a-mlock.o)
 .ARM.attributes
                0x00000000000006f3       0x34 d:/st/stm32cubeide_1.12.1/stm32cubeide/plugins/com.st.stm32cube.ide.mcu.externaltools.gnu-tools-for-stm32.10.3-2021.10.win32_1.0.200.202301161003/tools/bin/../lib/gcc/arm-none-eabi/10.3.1/../../../../arm-none-eabi/lib/thumb/v7e-m+fp/hard\libc_nano.a(lib_a-reent.o)
 .ARM.attributes
                0x0000000000000727       0x34 d:/st/stm32cubeide_1.12.1/stm32cubeide/plugins/com.st.stm32cube.ide.mcu.externaltools.gnu-tools-for-stm32.10.3-2021.10.win32_1.0.200.202301161003/tools/bin/../lib/gcc/arm-none-eabi/10.3.1/../../../../arm-none-eabi/lib/thumb/v7e-m+fp/hard\libc_nano.a(lib_a-lock.o)
 .ARM.attributes
                0x000000000000075b       0x1e d:/st/stm32cubeide_1.12.1/stm32cubeide/plugins/com.st.stm32cube.ide.mcu.externaltools.gnu-tools-for-stm32.10.3-2021.10.win32_1.0.200.202301161003/tools/bin/../lib/gcc/arm-none-eabi/10.3.1/thumb/v7e-m+fp/hard\libgcc.a(_aeabi_uldivmod.o)
 .ARM.attributes
                0x0000000000000779       0x34 d:/st/stm32cubeide_1.12.1/stm32cubeide/plugins/com.st.stm32cube.ide.mcu.externaltools.gnu-tools-for-stm32.10.3-2021.10.win32_1.0.200.202301161003/tools/bin/../lib/gcc/arm-none-eabi/10.3.1/thumb/v7e-m+fp/hard\libgcc.a(_udivmoddi4.o)
 .ARM.attributes
                0x00000000000007ad       0x1e d:/st/stm32cubeide_1.12.1/stm32cubeide/plugins/com.st.stm32cube.ide.mcu.externaltools.gnu-tools-for-stm32.10.3-2021.10.win32_1.0.200.202301161003/tools/bin/../lib/gcc/arm-none-eabi/10.3.1/thumb/v7e-m+fp/hard\libgcc.a(_dvmd_tls.o)
 .ARM.attributes
                0x00000000000007cb       0x1e d:/st/stm32cubeide_1.12.1/stm32cubeide/plugins/com.st.stm32cube.ide.mcu.externaltools.gnu-tools-for-stm32.10.3-2021.10.win32_1.0.200.202301161003/tools/bin/../lib/gcc/arm-none-eabi/10.3.1/thumb/v7e-m+fp/hard/crtn.o
OUTPUT(class_example.elf elf32-littlearm)
LOAD linker stubs
LOAD d:/st/stm32cubeide_1.12.1/stm32cubeide/plugins/com.st.stm32cube.ide.mcu.externaltools.gnu-tools-for-stm32.10.3-2021.10.win32_1.0.200.202301161003/tools/bin/../lib/gcc/arm-none-eabi/10.3.1/../../../../arm-none-eabi/lib/thumb/v7e-m+fp/hard\libc.a
LOAD d:/st/stm32cubeide_1.12.1/stm32cubeide/plugins/com.st.stm32cube.ide.mcu.externaltools.gnu-tools-for-stm32.10.3-2021.10.win32_1.0.200.202301161003/tools/bin/../lib/gcc/arm-none-eabi/10.3.1/../../../../arm-none-eabi/lib/thumb/v7e-m+fp/hard\libm.a
LOAD d:/st/stm32cubeide_1.12.1/stm32cubeide/plugins/com.st.stm32cube.ide.mcu.externaltools.gnu-tools-for-stm32.10.3-2021.10.win32_1.0.200.202301161003/tools/bin/../lib/gcc/arm-none-eabi/10.3.1/thumb/v7e-m+fp/hard\libgcc.a

.debug_info     0x0000000000000000    0x153b3
 .debug_info    0x0000000000000000     0x102d ./Core/Src/main.o
 .debug_info    0x000000000000102d      0xef1 ./Core/Src/stm32f4xx_hal_msp.o
 .debug_info    0x0000000000001f1e      0xddc ./Core/Src/stm32f4xx_it.o
 .debug_info    0x0000000000002cfa      0x171 ./Core/Src/sysmem.o
 .debug_info    0x0000000000002e6b      0x523 ./Core/Src/system_stm32f4xx.o
 .debug_info    0x000000000000338e       0x22 ./Core/Startup/startup_stm32f407vgtx.o
 .debug_info    0x00000000000033b0      0x97c ./Drivers/STM32F4xx_HAL_Driver/Src/stm32f4xx_hal.o
 .debug_info    0x0000000000003d2c      0xd70 ./Drivers/STM32F4xx_HAL_Driver/Src/stm32f4xx_hal_adc.o
 .debug_info    0x0000000000004a9c      0xbdc ./Drivers/STM32F4xx_HAL_Driver/Src/stm32f4xx_hal_adc_ex.o
 .debug_info    0x0000000000005678      0xe1b ./Drivers/STM32F4xx_HAL_Driver/Src/stm32f4xx_hal_cortex.o
 .debug_info    0x0000000000006493      0x94f ./Drivers/STM32F4xx_HAL_Driver/Src/stm32f4xx_hal_dma.o
 .debug_info    0x0000000000006de2      0x76a ./Drivers/STM32F4xx_HAL_Driver/Src/stm32f4xx_hal_gpio.o
 .debug_info    0x000000000000754c     0x10c6 ./Drivers/STM32F4xx_HAL_Driver/Src/stm32f4xx_hal_hcd.o
 .debug_info    0x0000000000008612      0x966 ./Drivers/STM32F4xx_HAL_Driver/Src/stm32f4xx_hal_rcc.o
 .debug_info    0x0000000000008f78     0x31bc ./Drivers/STM32F4xx_HAL_Driver/Src/stm32f4xx_hal_uart.o
 .debug_info    0x000000000000c134     0x1a97 ./Drivers/STM32F4xx_HAL_Driver/Src/stm32f4xx_ll_usb.o
 .debug_info    0x000000000000dbcb     0x150d ./Middlewares/ST/STM32_USB_Host_Library/Class/CDC/Src/usbh_cdc.o
 .debug_info    0x000000000000f0d8     0x1065 ./Middlewares/ST/STM32_USB_Host_Library/Core/Src/usbh_core.o
 .debug_info    0x000000000001013d     0x1083 ./Middlewares/ST/STM32_USB_Host_Library/Core/Src/usbh_ctlreq.o
 .debug_info    0x00000000000111c0      0xcf6 ./Middlewares/ST/STM32_USB_Host_Library/Core/Src/usbh_ioreq.o
 .debug_info    0x0000000000011eb6      0xb34 ./Middlewares/ST/STM32_USB_Host_Library/Core/Src/usbh_pipes.o
 .debug_info    0x00000000000129ea      0xab3 ./USB_HOST/App/usb_host.o
 .debug_info    0x000000000001349d     0x1d2d ./USB_HOST/Target/usbh_conf.o
 .debug_info    0x00000000000151ca      0x1e9 ./USB_HOST/Target/usbh_platform.o

.debug_abbrev   0x0000000000000000     0x358b
 .debug_abbrev  0x0000000000000000      0x29b ./Core/Src/main.o
 .debug_abbrev  0x000000000000029b      0x1b9 ./Core/Src/stm32f4xx_hal_msp.o
 .debug_abbrev  0x0000000000000454      0x1de ./Core/Src/stm32f4xx_it.o
 .debug_abbrev  0x0000000000000632       0xbb ./Core/Src/sysmem.o
 .debug_abbrev  0x00000000000006ed      0x116 ./Core/Src/system_stm32f4xx.o
 .debug_abbrev  0x0000000000000803       0x12 ./Core/Startup/startup_stm32f407vgtx.o
 .debug_abbrev  0x0000000000000815      0x20d ./Drivers/STM32F4xx_HAL_Driver/Src/stm32f4xx_hal.o
 .debug_abbrev  0x0000000000000a22      0x244 ./Drivers/STM32F4xx_HAL_Driver/Src/stm32f4xx_hal_adc.o
 .debug_abbrev  0x0000000000000c66      0x25f ./Drivers/STM32F4xx_HAL_Driver/Src/stm32f4xx_hal_adc_ex.o
 .debug_abbrev  0x0000000000000ec5      0x316 ./Drivers/STM32F4xx_HAL_Driver/Src/stm32f4xx_hal_cortex.o
 .debug_abbrev  0x00000000000011db      0x25b ./Drivers/STM32F4xx_HAL_Driver/Src/stm32f4xx_hal_dma.o
 .debug_abbrev  0x0000000000001436      0x1c4 ./Drivers/STM32F4xx_HAL_Driver/Src/stm32f4xx_hal_gpio.o
 .debug_abbrev  0x00000000000015fa      0x27e ./Drivers/STM32F4xx_HAL_Driver/Src/stm32f4xx_hal_hcd.o
 .debug_abbrev  0x0000000000001878      0x2aa ./Drivers/STM32F4xx_HAL_Driver/Src/stm32f4xx_hal_rcc.o
 .debug_abbrev  0x0000000000001b22      0x2f4 ./Drivers/STM32F4xx_HAL_Driver/Src/stm32f4xx_hal_uart.o
 .debug_abbrev  0x0000000000001e16      0x296 ./Drivers/STM32F4xx_HAL_Driver/Src/stm32f4xx_ll_usb.o
 .debug_abbrev  0x00000000000020ac      0x328 ./Middlewares/ST/STM32_USB_Host_Library/Class/CDC/Src/usbh_cdc.o
 .debug_abbrev  0x00000000000023d4      0x317 ./Middlewares/ST/STM32_USB_Host_Library/Core/Src/usbh_core.o
 .debug_abbrev  0x00000000000026eb      0x2e6 ./Middlewares/ST/STM32_USB_Host_Library/Core/Src/usbh_ctlreq.o
 .debug_abbrev  0x00000000000029d1      0x232 ./Middlewares/ST/STM32_USB_Host_Library/Core/Src/usbh_ioreq.o
 .debug_abbrev  0x0000000000002c03      0x270 ./Middlewares/ST/STM32_USB_Host_Library/Core/Src/usbh_pipes.o
 .debug_abbrev  0x0000000000002e73      0x25a ./USB_HOST/App/usb_host.o
 .debug_abbrev  0x00000000000030cd      0x3ac ./USB_HOST/Target/usbh_conf.o
 .debug_abbrev  0x0000000000003479      0x112 ./USB_HOST/Target/usbh_platform.o

.debug_aranges  0x0000000000000000      0xec8
 .debug_aranges
                0x0000000000000000       0x48 ./Core/Src/main.o
 .debug_aranges
                0x0000000000000048       0x40 ./Core/Src/stm32f4xx_hal_msp.o
 .debug_aranges
                0x0000000000000088       0x78 ./Core/Src/stm32f4xx_it.o
 .debug_aranges
                0x0000000000000100       0x20 ./Core/Src/sysmem.o
 .debug_aranges
                0x0000000000000120       0x28 ./Core/Src/system_stm32f4xx.o
 .debug_aranges
                0x0000000000000148       0x28 ./Core/Startup/startup_stm32f407vgtx.o
 .debug_aranges
                0x0000000000000170       0xf0 ./Drivers/STM32F4xx_HAL_Driver/Src/stm32f4xx_hal.o
 .debug_aranges
                0x0000000000000260       0xe8 ./Drivers/STM32F4xx_HAL_Driver/Src/stm32f4xx_hal_adc.o
 .debug_aranges
                0x0000000000000348       0x90 ./Drivers/STM32F4xx_HAL_Driver/Src/stm32f4xx_hal_adc_ex.o
 .debug_aranges
                0x00000000000003d8      0x118 ./Drivers/STM32F4xx_HAL_Driver/Src/stm32f4xx_hal_cortex.o
 .debug_aranges
                0x00000000000004f0       0x90 ./Drivers/STM32F4xx_HAL_Driver/Src/stm32f4xx_hal_dma.o
 .debug_aranges
                0x0000000000000580       0x58 ./Drivers/STM32F4xx_HAL_Driver/Src/stm32f4xx_hal_gpio.o
 .debug_aranges
                0x00000000000005d8       0xf8 ./Drivers/STM32F4xx_HAL_Driver/Src/stm32f4xx_hal_hcd.o
 .debug_aranges
                0x00000000000006d0       0x88 ./Drivers/STM32F4xx_HAL_Driver/Src/stm32f4xx_hal_rcc.o
 .debug_aranges
                0x0000000000000758      0x200 ./Drivers/STM32F4xx_HAL_Driver/Src/stm32f4xx_hal_uart.o
 .debug_aranges
                0x0000000000000958      0x1a0 ./Drivers/STM32F4xx_HAL_Driver/Src/stm32f4xx_ll_usb.o
 .debug_aranges
                0x0000000000000af8       0xa8 ./Middlewares/ST/STM32_USB_Host_Library/Class/CDC/Src/usbh_cdc.o
 .debug_aranges
                0x0000000000000ba0       0xc0 ./Middlewares/ST/STM32_USB_Host_Library/Core/Src/usbh_core.o
 .debug_aranges
                0x0000000000000c60       0xa0 ./Middlewares/ST/STM32_USB_Host_Library/Core/Src/usbh_ctlreq.o
 .debug_aranges
                0x0000000000000d00       0x60 ./Middlewares/ST/STM32_USB_Host_Library/Core/Src/usbh_ioreq.o
 .debug_aranges
                0x0000000000000d60       0x40 ./Middlewares/ST/STM32_USB_Host_Library/Core/Src/usbh_pipes.o
 .debug_aranges
                0x0000000000000da0       0x30 ./USB_HOST/App/usb_host.o
 .debug_aranges
                0x0000000000000dd0       0xd8 ./USB_HOST/Target/usbh_conf.o
 .debug_aranges
                0x0000000000000ea8       0x20 ./USB_HOST/Target/usbh_platform.o

.debug_ranges   0x0000000000000000      0xd80
 .debug_ranges  0x0000000000000000       0x38 ./Core/Src/main.o
 .debug_ranges  0x0000000000000038       0x30 ./Core/Src/stm32f4xx_hal_msp.o
 .debug_ranges  0x0000000000000068       0x68 ./Core/Src/stm32f4xx_it.o
 .debug_ranges  0x00000000000000d0       0x10 ./Core/Src/sysmem.o
 .debug_ranges  0x00000000000000e0       0x18 ./Core/Src/system_stm32f4xx.o
 .debug_ranges  0x00000000000000f8       0x20 ./Core/Startup/startup_stm32f407vgtx.o
 .debug_ranges  0x0000000000000118       0xe0 ./Drivers/STM32F4xx_HAL_Driver/Src/stm32f4xx_hal.o
 .debug_ranges  0x00000000000001f8       0xd8 ./Drivers/STM32F4xx_HAL_Driver/Src/stm32f4xx_hal_adc.o
 .debug_ranges  0x00000000000002d0       0x80 ./Drivers/STM32F4xx_HAL_Driver/Src/stm32f4xx_hal_adc_ex.o
 .debug_ranges  0x0000000000000350      0x108 ./Drivers/STM32F4xx_HAL_Driver/Src/stm32f4xx_hal_cortex.o
 .debug_ranges  0x0000000000000458       0x80 ./Drivers/STM32F4xx_HAL_Driver/Src/stm32f4xx_hal_dma.o
 .debug_ranges  0x00000000000004d8       0x48 ./Drivers/STM32F4xx_HAL_Driver/Src/stm32f4xx_hal_gpio.o
 .debug_ranges  0x0000000000000520       0xe8 ./Drivers/STM32F4xx_HAL_Driver/Src/stm32f4xx_hal_hcd.o
 .debug_ranges  0x0000000000000608       0x78 ./Drivers/STM32F4xx_HAL_Driver/Src/stm32f4xx_hal_rcc.o
 .debug_ranges  0x0000000000000680      0x220 ./Drivers/STM32F4xx_HAL_Driver/Src/stm32f4xx_hal_uart.o
 .debug_ranges  0x00000000000008a0      0x190 ./Drivers/STM32F4xx_HAL_Driver/Src/stm32f4xx_ll_usb.o
 .debug_ranges  0x0000000000000a30       0x98 ./Middlewares/ST/STM32_USB_Host_Library/Class/CDC/Src/usbh_cdc.o
 .debug_ranges  0x0000000000000ac8       0xb0 ./Middlewares/ST/STM32_USB_Host_Library/Core/Src/usbh_core.o
 .debug_ranges  0x0000000000000b78       0x90 ./Middlewares/ST/STM32_USB_Host_Library/Core/Src/usbh_ctlreq.o
 .debug_ranges  0x0000000000000c08       0x50 ./Middlewares/ST/STM32_USB_Host_Library/Core/Src/usbh_ioreq.o
 .debug_ranges  0x0000000000000c58       0x30 ./Middlewares/ST/STM32_USB_Host_Library/Core/Src/usbh_pipes.o
 .debug_ranges  0x0000000000000c88       0x20 ./USB_HOST/App/usb_host.o
 .debug_ranges  0x0000000000000ca8       0xc8 ./USB_HOST/Target/usbh_conf.o
 .debug_ranges  0x0000000000000d70       0x10 ./USB_HOST/Target/usbh_platform.o

.debug_macro    0x0000000000000000    0x24bee
 .debug_macro   0x0000000000000000      0x3a3 ./Core/Src/main.o
 .debug_macro   0x00000000000003a3      0xa78 ./Core/Src/main.o
 .debug_macro   0x0000000000000e1b      0x2a1 ./Core/Src/main.o
 .debug_macro   0x00000000000010bc       0x2e ./Core/Src/main.o
 .debug_macro   0x00000000000010ea       0x2f ./Core/Src/main.o
 .debug_macro   0x0000000000001119       0x22 ./Core/Src/main.o
 .debug_macro   0x000000000000113b       0x8e ./Core/Src/main.o
 .debug_macro   0x00000000000011c9       0x51 ./Core/Src/main.o
 .debug_macro   0x000000000000121a      0x103 ./Core/Src/main.o
 .debug_macro   0x000000000000131d       0x6a ./Core/Src/main.o
 .debug_macro   0x0000000000001387      0x1df ./Core/Src/main.o
 .debug_macro   0x0000000000001566       0x1c ./Core/Src/main.o
 .debug_macro   0x0000000000001582       0x22 ./Core/Src/main.o
 .debug_macro   0x00000000000015a4       0xd9 ./Core/Src/main.o
 .debug_macro   0x000000000000167d     0x102d ./Core/Src/main.o
 .debug_macro   0x00000000000026aa      0x11f ./Core/Src/main.o
 .debug_macro   0x00000000000027c9    0x15e82 ./Core/Src/main.o
 .debug_macro   0x000000000001864b       0x6d ./Core/Src/main.o
 .debug_macro   0x00000000000186b8     0x367e ./Core/Src/main.o
 .debug_macro   0x000000000001bd36      0x174 ./Core/Src/main.o
 .debug_macro   0x000000000001beaa       0x5c ./Core/Src/main.o
 .debug_macro   0x000000000001bf06      0x96b ./Core/Src/main.o
 .debug_macro   0x000000000001c871      0x9fe ./Core/Src/main.o
 .debug_macro   0x000000000001d26f      0x115 ./Core/Src/main.o
 .debug_macro   0x000000000001d384      0x13e ./Core/Src/main.o
 .debug_macro   0x000000000001d4c2       0xa5 ./Core/Src/main.o
 .debug_macro   0x000000000001d567      0x174 ./Core/Src/main.o
 .debug_macro   0x000000000001d6db      0x287 ./Core/Src/main.o
 .debug_macro   0x000000000001d962       0x5f ./Core/Src/main.o
 .debug_macro   0x000000000001d9c1      0x236 ./Core/Src/main.o
 .debug_macro   0x000000000001dbf7      0xb5b ./Core/Src/main.o
 .debug_macro   0x000000000001e752      0x38b ./Core/Src/main.o
 .debug_macro   0x000000000001eadd      0x176 ./Core/Src/main.o
 .debug_macro   0x000000000001ec53       0xf9 ./Core/Src/main.o
 .debug_macro   0x000000000001ed4c      0x12c ./Core/Src/main.o
 .debug_macro   0x000000000001ee78      0x21e ./Core/Src/main.o
 .debug_macro   0x000000000001f096       0x2e ./Core/Src/main.o
 .debug_macro   0x000000000001f0c4      0x11a ./Core/Src/main.o
 .debug_macro   0x000000000001f1de       0x7e ./Core/Src/main.o
 .debug_macro   0x000000000001f25c       0x89 ./Core/Src/main.o
 .debug_macro   0x000000000001f2e5      0x295 ./Core/Src/main.o
 .debug_macro   0x000000000001f57a      0x248 ./Core/Src/main.o
 .debug_macro   0x000000000001f7c2       0x7c ./Core/Src/main.o
 .debug_macro   0x000000000001f83e      0x12d ./Core/Src/main.o
 .debug_macro   0x000000000001f96b      0x160 ./Core/Src/main.o
 .debug_macro   0x000000000001facb       0x52 ./Core/Src/main.o
 .debug_macro   0x000000000001fb1d       0x1e ./Core/Src/main.o
 .debug_macro   0x000000000001fb3b       0x3c ./Core/Src/main.o
 .debug_macro   0x000000000001fb77       0x34 ./Core/Src/main.o
 .debug_macro   0x000000000001fbab       0x16 ./Core/Src/main.o
 .debug_macro   0x000000000001fbc1       0x43 ./Core/Src/main.o
 .debug_macro   0x000000000001fc04       0x34 ./Core/Src/main.o
 .debug_macro   0x000000000001fc38       0x10 ./Core/Src/main.o
 .debug_macro   0x000000000001fc48       0x58 ./Core/Src/main.o
 .debug_macro   0x000000000001fca0       0x71 ./Core/Src/main.o
 .debug_macro   0x000000000001fd11       0x1c ./Core/Src/main.o
 .debug_macro   0x000000000001fd2d      0x12a ./Core/Src/main.o
 .debug_macro   0x000000000001fe57      0x341 ./Core/Src/main.o
 .debug_macro   0x0000000000020198       0x10 ./Core/Src/main.o
 .debug_macro   0x00000000000201a8       0x35 ./Core/Src/main.o
 .debug_macro   0x00000000000201dd       0x20 ./Core/Src/main.o
 .debug_macro   0x00000000000201fd       0x1c ./Core/Src/main.o
 .debug_macro   0x0000000000020219       0x10 ./Core/Src/main.o
 .debug_macro   0x0000000000020229       0x10 ./Core/Src/main.o
 .debug_macro   0x0000000000020239       0x1c ./Core/Src/main.o
 .debug_macro   0x0000000000020255       0x52 ./Core/Src/main.o
 .debug_macro   0x00000000000202a7       0x22 ./Core/Src/main.o
 .debug_macro   0x00000000000202c9       0x10 ./Core/Src/main.o
 .debug_macro   0x00000000000202d9       0x52 ./Core/Src/main.o
 .debug_macro   0x000000000002032b       0xd5 ./Core/Src/main.o
 .debug_macro   0x0000000000020400       0x1c ./Core/Src/main.o
 .debug_macro   0x000000000002041c       0x3d ./Core/Src/main.o
 .debug_macro   0x0000000000020459       0x16 ./Core/Src/main.o
 .debug_macro   0x000000000002046f      0x145 ./Core/Src/main.o
 .debug_macro   0x00000000000205b4      0x20a ./Core/Src/stm32f4xx_hal_msp.o
 .debug_macro   0x00000000000207be      0x214 ./Core/Src/stm32f4xx_it.o
 .debug_macro   0x00000000000209d2       0xff ./Core/Src/sysmem.o
 .debug_macro   0x0000000000020ad1      0x23b ./Core/Src/sysmem.o
 .debug_macro   0x0000000000020d0c      0x1fb ./Core/Src/system_stm32f4xx.o
 .debug_macro   0x0000000000020f07      0x25b ./Drivers/STM32F4xx_HAL_Driver/Src/stm32f4xx_hal.o
 .debug_macro   0x0000000000021162      0x1fc ./Drivers/STM32F4xx_HAL_Driver/Src/stm32f4xx_hal_adc.o
 .debug_macro   0x000000000002135e      0x1fb ./Drivers/STM32F4xx_HAL_Driver/Src/stm32f4xx_hal_adc_ex.o
 .debug_macro   0x0000000000021559      0x1fb ./Drivers/STM32F4xx_HAL_Driver/Src/stm32f4xx_hal_cortex.o
 .debug_macro   0x0000000000021754      0x201 ./Drivers/STM32F4xx_HAL_Driver/Src/stm32f4xx_hal_dma.o
 .debug_macro   0x0000000000021955      0x201 ./Drivers/STM32F4xx_HAL_Driver/Src/stm32f4xx_hal_gpio.o
 .debug_macro   0x0000000000021b56      0x1fb ./Drivers/STM32F4xx_HAL_Driver/Src/stm32f4xx_hal_hcd.o
 .debug_macro   0x0000000000021d51      0x21f ./Drivers/STM32F4xx_HAL_Driver/Src/stm32f4xx_hal_rcc.o
 .debug_macro   0x0000000000021f70      0x1fc ./Drivers/STM32F4xx_HAL_Driver/Src/stm32f4xx_hal_uart.o
 .debug_macro   0x000000000002216c      0x1fb ./Drivers/STM32F4xx_HAL_Driver/Src/stm32f4xx_ll_usb.o
 .debug_macro   0x0000000000022367      0x429 ./Middlewares/ST/STM32_USB_Host_Library/Class/CDC/Src/usbh_cdc.o
 .debug_macro   0x0000000000022790       0x16 ./Middlewares/ST/STM32_USB_Host_Library/Class/CDC/Src/usbh_cdc.o
 .debug_macro   0x00000000000227a6       0x97 ./Middlewares/ST/STM32_USB_Host_Library/Class/CDC/Src/usbh_cdc.o
 .debug_macro   0x000000000002283d       0xfd ./Middlewares/ST/STM32_USB_Host_Library/Class/CDC/Src/usbh_cdc.o
 .debug_macro   0x000000000002293a       0x16 ./Middlewares/ST/STM32_USB_Host_Library/Class/CDC/Src/usbh_cdc.o
 .debug_macro   0x0000000000022950       0x56 ./Middlewares/ST/STM32_USB_Host_Library/Class/CDC/Src/usbh_cdc.o
 .debug_macro   0x00000000000229a6       0x73 ./Middlewares/ST/STM32_USB_Host_Library/Class/CDC/Src/usbh_cdc.o
 .debug_macro   0x0000000000022a19      0x233 ./Middlewares/ST/STM32_USB_Host_Library/Class/CDC/Src/usbh_cdc.o
 .debug_macro   0x0000000000022c4c       0x2e ./Middlewares/ST/STM32_USB_Host_Library/Class/CDC/Src/usbh_cdc.o
 .debug_macro   0x0000000000022c7a       0x2e ./Middlewares/ST/STM32_USB_Host_Library/Class/CDC/Src/usbh_cdc.o
 .debug_macro   0x0000000000022ca8       0x28 ./Middlewares/ST/STM32_USB_Host_Library/Class/CDC/Src/usbh_cdc.o
 .debug_macro   0x0000000000022cd0      0x15c ./Middlewares/ST/STM32_USB_Host_Library/Class/CDC/Src/usbh_cdc.o
 .debug_macro   0x0000000000022e2c      0x426 ./Middlewares/ST/STM32_USB_Host_Library/Core/Src/usbh_core.o
 .debug_macro   0x0000000000023252      0x41e ./Middlewares/ST/STM32_USB_Host_Library/Core/Src/usbh_ctlreq.o
 .debug_macro   0x0000000000023670       0x28 ./Middlewares/ST/STM32_USB_Host_Library/Core/Src/usbh_ctlreq.o
 .debug_macro   0x0000000000023698      0x418 ./Middlewares/ST/STM32_USB_Host_Library/Core/Src/usbh_ioreq.o
 .debug_macro   0x0000000000023ab0      0x418 ./Middlewares/ST/STM32_USB_Host_Library/Core/Src/usbh_pipes.o
 .debug_macro   0x0000000000023ec8      0x427 ./USB_HOST/App/usb_host.o
 .debug_macro   0x00000000000242ef      0x166 ./USB_HOST/App/usb_host.o
 .debug_macro   0x0000000000024455      0x162 ./USB_HOST/App/usb_host.o
 .debug_macro   0x00000000000245b7      0x428 ./USB_HOST/Target/usbh_conf.o
 .debug_macro   0x00000000000249df      0x20f ./USB_HOST/Target/usbh_platform.o

.debug_line     0x0000000000000000    0x1445a
 .debug_line    0x0000000000000000      0xafe ./Core/Src/main.o
 .debug_line    0x0000000000000afe      0x7a1 ./Core/Src/stm32f4xx_hal_msp.o
 .debug_line    0x000000000000129f      0x811 ./Core/Src/stm32f4xx_it.o
 .debug_line    0x0000000000001ab0      0x4f4 ./Core/Src/sysmem.o
 .debug_line    0x0000000000001fa4      0x788 ./Core/Src/system_stm32f4xx.o
 .debug_line    0x000000000000272c       0x88 ./Core/Startup/startup_stm32f407vgtx.o
 .debug_line    0x00000000000027b4      0x9ee ./Drivers/STM32F4xx_HAL_Driver/Src/stm32f4xx_hal.o
 .debug_line    0x00000000000031a2     0x1264 ./Drivers/STM32F4xx_HAL_Driver/Src/stm32f4xx_hal_adc.o
 .debug_line    0x0000000000004406      0xeae ./Drivers/STM32F4xx_HAL_Driver/Src/stm32f4xx_hal_adc_ex.o
 .debug_line    0x00000000000052b4      0xc9d ./Drivers/STM32F4xx_HAL_Driver/Src/stm32f4xx_hal_cortex.o
 .debug_line    0x0000000000005f51      0xf52 ./Drivers/STM32F4xx_HAL_Driver/Src/stm32f4xx_hal_dma.o
 .debug_line    0x0000000000006ea3      0xb62 ./Drivers/STM32F4xx_HAL_Driver/Src/stm32f4xx_hal_gpio.o
 .debug_line    0x0000000000007a05     0x11eb ./Drivers/STM32F4xx_HAL_Driver/Src/stm32f4xx_hal_hcd.o
 .debug_line    0x0000000000008bf0      0xd6a ./Drivers/STM32F4xx_HAL_Driver/Src/stm32f4xx_hal_rcc.o
 .debug_line    0x000000000000995a     0x2a93 ./Drivers/STM32F4xx_HAL_Driver/Src/stm32f4xx_hal_uart.o
 .debug_line    0x000000000000c3ed     0x1aab ./Drivers/STM32F4xx_HAL_Driver/Src/stm32f4xx_ll_usb.o
 .debug_line    0x000000000000de98      0xf1c ./Middlewares/ST/STM32_USB_Host_Library/Class/CDC/Src/usbh_cdc.o
 .debug_line    0x000000000000edb4     0x1198 ./Middlewares/ST/STM32_USB_Host_Library/Core/Src/usbh_core.o
 .debug_line    0x000000000000ff4c     0x105b ./Middlewares/ST/STM32_USB_Host_Library/Core/Src/usbh_ctlreq.o
 .debug_line    0x0000000000010fa7      0xaf4 ./Middlewares/ST/STM32_USB_Host_Library/Core/Src/usbh_ioreq.o
 .debug_line    0x0000000000011a9b      0xa9e ./Middlewares/ST/STM32_USB_Host_Library/Core/Src/usbh_pipes.o
 .debug_line    0x0000000000012539      0xa88 ./USB_HOST/App/usb_host.o
 .debug_line    0x0000000000012fc1      0xd60 ./USB_HOST/Target/usbh_conf.o
 .debug_line    0x0000000000013d21      0x739 ./USB_HOST/Target/usbh_platform.o

.debug_str      0x0000000000000000    0xd489d
 .debug_str     0x0000000000000000    0xce44f ./Core/Src/main.o
                                      0xce7af (size before relaxing)
 .debug_str     0x00000000000ce44f      0x5c1 ./Core/Src/stm32f4xx_hal_msp.o
                                      0xcacbb (size before relaxing)
 .debug_str     0x00000000000cea10      0x495 ./Core/Src/stm32f4xx_it.o
                                      0xcaa67 (size before relaxing)
 .debug_str     0x00000000000ceea5      0x4da ./Core/Src/sysmem.o
                                       0x5dcd (size before relaxing)
 .debug_str     0x00000000000cf37f       0xdb ./Core/Src/system_stm32f4xx.o
                                      0xc9bd7 (size before relaxing)
 .debug_str     0x00000000000cf45a       0x36 ./Core/Startup/startup_stm32f407vgtx.o
                                         0x77 (size before relaxing)
 .debug_str     0x00000000000cf490      0x5f0 ./Drivers/STM32F4xx_HAL_Driver/Src/stm32f4xx_hal.o
                                      0xca75b (size before relaxing)
 .debug_str     0x00000000000cfa80      0x2b7 ./Drivers/STM32F4xx_HAL_Driver/Src/stm32f4xx_hal_adc.o
                                      0xca1c4 (size before relaxing)
 .debug_str     0x00000000000cfd37      0x2df ./Drivers/STM32F4xx_HAL_Driver/Src/stm32f4xx_hal_adc_ex.o